Component: ARM Compiler 5.06 update 7 (build 960) Tool: armlink [4d3601]

==============================================================================

Section Cross References

    startup_stm32f103xb.o(STACK) refers (Special) to heapauxi.o(.text) for __use_two_region_memory
    startup_stm32f103xb.o(HEAP) refers (Special) to heapauxi.o(.text) for __use_two_region_memory
    startup_stm32f103xb.o(RESET) refers (Special) to heapauxi.o(.text) for __use_two_region_memory
    startup_stm32f103xb.o(RESET) refers to startup_stm32f103xb.o(STACK) for __initial_sp
    startup_stm32f103xb.o(RESET) refers to startup_stm32f103xb.o(.text) for Reset_Handler
    startup_stm32f103xb.o(RESET) refers to stm32f1xx_it.o(i.NMI_Handler) for NMI_Handler
    startup_stm32f103xb.o(RESET) refers to stm32f1xx_it.o(i.HardFault_Handler) for HardFault_Handler
    startup_stm32f103xb.o(RESET) refers to stm32f1xx_it.o(i.MemManage_Handler) for MemManage_Handler
    startup_stm32f103xb.o(RESET) refers to stm32f1xx_it.o(i.BusFault_Handler) for BusFault_Handler
    startup_stm32f103xb.o(RESET) refers to stm32f1xx_it.o(i.UsageFault_Handler) for UsageFault_Handler
    startup_stm32f103xb.o(RESET) refers to port.o(.emb_text) for SVC_Handler
    startup_stm32f103xb.o(RESET) refers to stm32f1xx_it.o(i.DebugMon_Handler) for DebugMon_Handler
    startup_stm32f103xb.o(RESET) refers to port.o(i.SysTick_Handler) for SysTick_Handler
    startup_stm32f103xb.o(RESET) refers to stm32f1xx_it.o(i.EXTI4_IRQHandler) for EXTI4_IRQHandler
    startup_stm32f103xb.o(RESET) refers to stm32f1xx_it.o(i.TIM1_UP_IRQHandler) for TIM1_UP_IRQHandler
    startup_stm32f103xb.o(RESET) refers to stm32f1xx_it.o(i.TIM2_IRQHandler) for TIM2_IRQHandler
    startup_stm32f103xb.o(RESET) refers to stm32f1xx_it.o(i.TIM3_IRQHandler) for TIM3_IRQHandler
    startup_stm32f103xb.o(RESET) refers to stm32f1xx_it.o(i.TIM4_IRQHandler) for TIM4_IRQHandler
    startup_stm32f103xb.o(RESET) refers to stm32f1xx_it.o(i.USART1_IRQHandler) for USART1_IRQHandler
    startup_stm32f103xb.o(RESET) refers to stm32f1xx_it.o(i.USART2_IRQHandler) for USART2_IRQHandler
    startup_stm32f103xb.o(RESET) refers to stm32f1xx_it.o(i.USART3_IRQHandler) for USART3_IRQHandler
    startup_stm32f103xb.o(RESET) refers to stm32f1xx_it.o(i.EXTI15_10_IRQHandler) for EXTI15_10_IRQHandler
    startup_stm32f103xb.o(.text) refers (Special) to heapauxi.o(.text) for __use_two_region_memory
    startup_stm32f103xb.o(.text) refers to system_stm32f1xx.o(i.SystemInit) for SystemInit
    startup_stm32f103xb.o(.text) refers to __main.o(!!!main) for __main
    startup_stm32f103xb.o(.text) refers to startup_stm32f103xb.o(HEAP) for Heap_Mem
    startup_stm32f103xb.o(.text) refers to startup_stm32f103xb.o(STACK) for Stack_Mem
    main.o(i.SystemClock_Config) refers to rt_memclr_w.o(.text) for __aeabi_memclr4
    main.o(i.SystemClock_Config) refers to stm32f1xx_hal_rcc.o(i.HAL_RCC_OscConfig) for HAL_RCC_OscConfig
    main.o(i.SystemClock_Config) refers to stm32f1xx_hal_rcc.o(i.HAL_RCC_ClockConfig) for HAL_RCC_ClockConfig
    main.o(i.SystemClock_Config) refers to stm32f1xx_hal_rcc_ex.o(i.HAL_RCCEx_PeriphCLKConfig) for HAL_RCCEx_PeriphCLKConfig
    main.o(i.main) refers to _printf_percent.o(.ARM.Collect$$_printf_percent$$00000000) for _printf_percent
    main.o(i.main) refers to _printf_d.o(.ARM.Collect$$_printf_percent$$00000009) for _printf_d
    main.o(i.main) refers to _printf_dec.o(.text) for _printf_int_dec
    main.o(i.main) refers to stm32f1xx_hal.o(i.HAL_Init) for HAL_Init
    main.o(i.main) refers to main.o(i.SystemClock_Config) for SystemClock_Config
    main.o(i.main) refers to gpio.o(i.MX_GPIO_Init) for MX_GPIO_Init
    main.o(i.main) refers to usart.o(i.MX_USART1_UART_Init) for MX_USART1_UART_Init
    main.o(i.main) refers to tim.o(i.MX_TIM1_Init) for MX_TIM1_Init
    main.o(i.main) refers to tim.o(i.MX_TIM2_Init) for MX_TIM2_Init
    main.o(i.main) refers to tim.o(i.MX_TIM4_Init) for MX_TIM4_Init
    main.o(i.main) refers to adc.o(i.MX_ADC2_Init) for MX_ADC2_Init
    main.o(i.main) refers to usart.o(i.MX_USART3_UART_Init) for MX_USART3_UART_Init
    main.o(i.main) refers to usart.o(i.MX_USART2_UART_Init) for MX_USART2_UART_Init
    main.o(i.main) refers to stm32f1xx_hal_tim.o(i.HAL_TIM_PWM_Start) for HAL_TIM_PWM_Start
    main.o(i.main) refers to stm32f1xx_hal_tim.o(i.HAL_TIM_Encoder_Start) for HAL_TIM_Encoder_Start
    main.o(i.main) refers to stm32f1xx_hal_tim.o(i.HAL_TIM_Base_Start_IT) for HAL_TIM_Base_Start_IT
    main.o(i.main) refers to stm32f1xx_hal_uart.o(i.HAL_UART_Receive_IT) for HAL_UART_Receive_IT
    main.o(i.main) refers to motor.o(i.motorPidSetSpeed) for motorPidSetSpeed
    main.o(i.main) refers to mpu6050.o(i.MPU_Init) for MPU_Init
    main.o(i.main) refers to __2printf.o(.text) for __2printf
    main.o(i.main) refers to __2sprintf.o(.text) for __2sprintf
    main.o(i.main) refers to strlen.o(.text) for strlen
    main.o(i.main) refers to stm32f1xx_hal_uart.o(i.HAL_UART_Transmit) for HAL_UART_Transmit
[...]
    HAL_TIM_MspPostInit                      0x08002f11   Thumb Code    64  tim.o(i.HAL_TIM_MspPostInit)
    HAL_TIM_OC_DelayElapsedCallback          0x08002f5d   Thumb Code     2  stm32f1xx_hal_tim.o(i.HAL_TIM_OC_DelayElapsedCallback)
    HAL_TIM_PWM_ConfigChannel                0x08002f5f   Thumb Code   204  stm32f1xx_hal_tim.o(i.HAL_TIM_PWM_ConfigChannel)
    HAL_TIM_PWM_Init                         0x0800302b   Thumb Code    90  stm32f1xx_hal_tim.o(i.HAL_TIM_PWM_Init)
    HAL_TIM_PWM_MspInit                      0x08003085   Thumb Code     2  stm32f1xx_hal_tim.o(i.HAL_TIM_PWM_MspInit)
    HAL_TIM_PWM_PulseFinishedCallback        0x08003087   Thumb Code     2  stm32f1xx_hal_tim.o(i.HAL_TIM_PWM_PulseFinishedCallback)
    HAL_TIM_PWM_Start                        0x08003089   Thumb Code   144  stm32f1xx_hal_tim.o(i.HAL_TIM_PWM_Start)
    HAL_TIM_PeriodElapsedCallback            0x08003125   Thumb Code   278  stm32f1xx_it.o(i.HAL_TIM_PeriodElapsedCallback)
    HAL_TIM_TriggerCallback                  0x08003271   Thumb Code     2  stm32f1xx_hal_tim.o(i.HAL_TIM_TriggerCallback)
    HAL_UARTEx_RxEventCallback               0x08003273   Thumb Code     2  stm32f1xx_hal_uart.o(i.HAL_UARTEx_RxEventCallback)
    HAL_UART_ErrorCallback                   0x08003275   Thumb Code     2  stm32f1xx_hal_uart.o(i.HAL_UART_ErrorCallback)
    HAL_UART_IRQHandler                      0x08003279   Thumb Code   616  stm32f1xx_hal_uart.o(i.HAL_UART_IRQHandler)
    HAL_UART_Init                            0x080034e5   Thumb Code   100  stm32f1xx_hal_uart.o(i.HAL_UART_Init)
    HAL_UART_MspInit                         0x08003549   Thumb Code   282  usart.o(i.HAL_UART_MspInit)
    HAL_UART_Receive                         0x0800367d   Thumb Code   176  stm32f1xx_hal_uart.o(i.HAL_UART_Receive)
    HAL_UART_Receive_IT                      0x0800372d   Thumb Code    28  stm32f1xx_hal_uart.o(i.HAL_UART_Receive_IT)
    HAL_UART_RxCpltCallback                  0x08003749   Thumb Code   264  usart.o(i.HAL_UART_RxCpltCallback)
    HAL_UART_Transmit                        0x08003871   Thumb Code   160  stm32f1xx_hal_uart.o(i.HAL_UART_Transmit)
    HAL_UART_Transmit_IT                     0x08003911   Thumb Code    50  stm32f1xx_hal_uart.o(i.HAL_UART_Transmit_IT)
    HAL_UART_TxCpltCallback                  0x08003943   Thumb Code     2  stm32f1xx_hal_uart.o(i.HAL_UART_TxCpltCallback)
    HC_SR04_Delayus                          0x08003945   Thumb Code    28  hc_sr04.o(i.HC_SR04_Delayus)
    HC_SR04_Read                             0x08003969   Thumb Code   130  hc_sr04.o(i.HC_SR04_Read)
    HardFault_Handler                        0x08003a05   Thumb Code     2  stm32f1xx_it.o(i.HardFault_Handler)
    MPU_IIC_Ack                              0x08003a09   Thumb Code    82  mpuiic.o(i.MPU_IIC_Ack)
    MPU_IIC_Init                             0x08003a61   Thumb Code     2  mpuiic.o(i.MPU_IIC_Init)
    MPU_IIC_NAck                             0x08003a65   Thumb Code    82  mpuiic.o(i.MPU_IIC_NAck)
    MPU_IIC_Read_Byte                        0x08003abd   Thumb Code   116  mpuiic.o(i.MPU_IIC_Read_Byte)
    MPU_IIC_Send_Byte                        0x08003b35   Thumb Code   110  mpuiic.o(i.MPU_IIC_Send_Byte)
    MPU_IIC_Start                            0x08003ba9   Thumb Code    82  mpuiic.o(i.MPU_IIC_Start)
    MPU_IIC_Stop                             0x08003c01   Thumb Code    82  mpuiic.o(i.MPU_IIC_Stop)
    MPU_IIC_Wait_Ack                         0x08003c59   Thumb Code   108  mpuiic.o(i.MPU_IIC_Wait_Ack)
    MPU_Init                                 0x08003cc9   Thumb Code   126  mpu6050.o(i.MPU_Init)
    MPU_Read_Byte                            0x08003d59   Thumb Code    58  mpu6050.o(i.MPU_Read_Byte)
    MPU_Read_Len                             0x08003d95   Thumb Code   108  mpu6050.o(i.MPU_Read_Len)
    MPU_Set_Accel_Fsr                        0x08003e01   Thumb Code    10  mpu6050.o(i.MPU_Set_Accel_Fsr)
    MPU_Set_Gyro_Fsr                         0x08003e0b   Thumb Code    10  mpu6050.o(i.MPU_Set_Gyro_Fsr)
    MPU_Set_LPF                              0x08003e15   Thumb Code    48  mpu6050.o(i.MPU_Set_LPF)
    MPU_Set_Rate                             0x08003e45   Thumb Code    46  mpu6050.o(i.MPU_Set_Rate)
    MPU_Write_Byte                           0x08003e73   Thumb Code    60  mpu6050.o(i.MPU_Write_Byte)
    MPU_Write_Len                            0x08003eaf   Thumb Code    82  mpu6050.o(i.MPU_Write_Len)
    MX_ADC2_Init                             0x08003f01   Thumb Code    72  adc.o(i.MX_ADC2_Init)
    MX_FREERTOS_Init                         0x08003f51   Thumb Code   108  freertos.o(i.MX_FREERTOS_Init)
    MX_GPIO_Init                             0x08003fc5   Thumb Code   322  gpio.o(i.MX_GPIO_Init)
    MX_TIM1_Init                             0x08004121   Thumb Code   212  tim.o(i.MX_TIM1_Init)
    MX_TIM2_Init                             0x080041fd   Thumb Code   102  tim.o(i.MX_TIM2_Init)
    MX_TIM4_Init                             0x08004269   Thumb Code   100  tim.o(i.MX_TIM4_Init)
    MX_USART1_UART_Init                      0x080042d5   Thumb Code    48  usart.o(i.MX_USART1_UART_Init)
    MX_USART2_UART_Init                      0x0800430d   Thumb Code    48  usart.o(i.MX_USART2_UART_Init)
    MX_USART3_UART_Init                      0x08004345   Thumb Code    48  usart.o(i.MX_USART3_UART_Init)
    MemManage_Handler                        0x0800437d   Thumb Code     2  stm32f1xx_it.o(i.MemManage_Handler)
    Motor_Set                                0x08004381   Thumb Code   106  motor.o(i.Motor_Set)
    NMI_Handler                              0x080043f5   Thumb Code     2  stm32f1xx_it.o(i.NMI_Handler)
    OLED_Clear                               0x080043f7   Thumb Code    38  oled.o(i.OLED_Clear)
    OLED_I2C_Init                            0x0800441d   Thumb Code    30  oled.o(i.OLED_I2C_Init)
    OLED_I2C_SendByte                        0x08004445   Thumb Code   102  oled.o(i.OLED_I2C_SendByte)
    OLED_I2C_Start                           0x080044b5   Thumb Code    56  oled.o(i.OLED_I2C_Start)
    OLED_I2C_Stop                            0x080044f5   Thumb Code    42  oled.o(i.OLED_I2C_Stop)
    OLED_Init                                0x08004529   Thumb Code   172  oled.o(i.OLED_Init)
    OLED_SetCursor                           0x080045d5   Thumb Code    34  oled.o(i.OLED_SetCursor)
    OLED_ShowChar                            0x080045f9   Thumb Code    98  oled.o(i.OLED_ShowChar)
    OLED_ShowString                          0x08004661   Thumb Code    38  oled.o(i.OLED_ShowString)
    OLED_WriteCommand                        0x08004687   Thumb Code    34  oled.o(i.OLED_WriteCommand)
    OLED_WriteData                           0x080046a9   Thumb Code    34  oled.o(i.OLED_WriteData)
    PID_init                                 0x080046cd   Thumb Code   120  pid.o(i.PID_init)
    PID_realize                              0x0800475d   Thumb Code    82  pid.o(i.PID_realize)
    StartMultiModeTask                       0x080047b1   Thumb Code   684  freertos.o(i.StartMultiModeTask)
    StartOledTask                            0x08004b2d   Thumb Code   622  freertos.o(i.StartOledTask)
    StartStopTask                            0x08004ed9   Thumb Code    46  freertos.o(i.StartStopTask)
    SysTick_Handler                          0x08004f0d   Thumb Code    38  port.o(i.SysTick_Handler)
    SystemClock_Config                       0x08004f39   Thumb Code   120  main.o(i.SystemClock_Config)
    SystemInit                               0x08004fb1   Thumb Code     2  system_stm32f1xx.o(i.SystemInit)
    TIM1_UP_IRQHandler                       0x08004fb5   Thumb Code     6  stm32f1xx_it.o(i.TIM1_UP_IRQHandler)
    TIM2_IRQHandler                          0x08004fc1   Thumb Code     6  stm32f1xx_it.o(i.TIM2_IRQHandler)
    TIM3_IRQHandler                          0x08004fcd   Thumb Code     6  stm32f1xx_it.o(i.TIM3_IRQHandler)
    TIM4_IRQHandler                          0x08004fd9   Thumb Code     6  stm32f1xx_it.o(i.TIM4_IRQHandler)
    TIM_Base_SetConfig                       0x08004fe5   Thumb Code   108  stm32f1xx_hal_tim.o(i.TIM_Base_SetConfig)
    TIM_CCxChannelCmd                        0x0800505d   Thumb Code    26  stm32f1xx_hal_tim.o(i.TIM_CCxChannelCmd)
    TIM_ETR_SetConfig                        0x08005077   Thumb Code    20  stm32f1xx_hal_tim.o(i.TIM_ETR_SetConfig)
    TIM_OC2_SetConfig                        0x080050ed   Thumb Code    84  stm32f1xx_hal_tim.o(i.TIM_OC2_SetConfig)
    UART_Start_Receive_IT                    0x08005401   Thumb Code    54  stm32f1xx_hal_uart.o(i.UART_Start_Receive_IT)
    USART1_IRQHandler                        0x080054a9   Thumb Code    56  stm32f1xx_it.o(i.USART1_IRQHandler)
    USART2_IRQHandler                        0x080054ed   Thumb Code     6  stm32f1xx_it.o(i.USART2_IRQHandler)
    USART3_IRQHandler                        0x080054f9   Thumb Code     6  stm32f1xx_it.o(i.USART3_IRQHandler)
    UsageFault_Handler                       0x08005505   Thumb Code     2  stm32f1xx_it.o(i.UsageFault_Handler)
    __ARM_fpclassify                         0x08005507   Thumb Code    40  fpclassify.o(i.__ARM_fpclassify)
    __kernel_poly                            0x0800554f   Thumb Code   170  poly.o(i.__kernel_poly)
    __mathlib_dbl_infnan                     0x080055f9   Thumb Code     6  dunder.o(i.__mathlib_dbl_infnan)
    __mathlib_dbl_infnan2                    0x080055ff   Thumb Code     4  dunder.o(i.__mathlib_dbl_infnan2)
    __mathlib_dbl_invalid                    0x08005603   Thumb Code    12  dunder.o(i.__mathlib_dbl_invalid)
    __mathlib_dbl_underflow                  0x08005611   Thumb Code    10  dunder.o(i.__mathlib_dbl_underflow)
    _is_digit                                0x08005621   Thumb Code    14  __printf_wp.o(i._is_digit)
    _sys_exit                                0x0800562f   Thumb Code     2  uart.o(i._sys_exit)
    adcGetBatteryVoltage                     0x080056b1   Thumb Code    70  adc.o(i.adcGetBatteryVoltage)
    asin                                     0x08005709   Thumb Code   572  asin.o(i.asin)
    atan                                     0x08005979   Thumb Code   474  atan.o(i.atan)
    atan2                                    0x08005b99   Thumb Code   374  atan2.o(i.atan2)
    dmp_enable_6x_lp_quat                    0x08005d35   Thumb Code    58  inv_mpu_dmp_motion_driver.o(i.dmp_enable_6x_lp_quat)
    dmp_enable_feature                       0x08005d71   Thumb Code   464  inv_mpu_dmp_motion_driver.o(i.dmp_enable_feature)
    dmp_enable_gyro_cal                      0x08005f49   Thumb Code    34  inv_mpu_dmp_motion_driver.o(i.dmp_enable_gyro_cal)
    dmp_enable_lp_quat                       0x08005f85   Thumb Code    58  inv_mpu_dmp_motion_driver.o(i.dmp_enable_lp_quat)
    dmp_load_motion_driver_firmware          0x08005fc1   Thumb Code    16  inv_mpu_dmp_motion_driver.o(i.dmp_load_motion_driver_firmware)
    dmp_read_fifo                            0x08005fd5   Thumb Code   352  inv_mpu_dmp_motion_driver.o(i.dmp_read_fifo)
    dmp_set_accel_bias                       0x08006139   Thumb Code   210  inv_mpu_dmp_motion_driver.o(i.dmp_set_accel_bias)
    dmp_set_fifo_rate                        0x08006211   Thumb Code    82  inv_mpu_dmp_motion_driver.o(i.dmp_set_fifo_rate)
    dmp_set_gyro_bias                        0x08006275   Thumb Code   196  inv_mpu_dmp_motion_driver.o(i.dmp_set_gyro_bias)
    dmp_set_orientation                      0x08006341   Thumb Code   246  inv_mpu_dmp_motion_driver.o(i.dmp_set_orientation)
    dmp_set_shake_reject_thresh              0x0800644d   Thumb Code    48  inv_mpu_dmp_motion_driver.o(i.dmp_set_shake_reject_thresh)
    dmp_set_shake_reject_time                0x0800647d   Thumb Code    32  inv_mpu_dmp_motion_driver.o(i.dmp_set_shake_reject_time)
    dmp_set_shake_reject_timeout             0x0800649d   Thumb Code    32  inv_mpu_dmp_motion_driver.o(i.dmp_set_shake_reject_timeout)
    dmp_set_tap_axes                         0x080064bd   Thumb Code    64  inv_mpu_dmp_motion_driver.o(i.dmp_set_tap_axes)
    dmp_set_tap_count                        0x080064fd   Thumb Code    34  inv_mpu_dmp_motion_driver.o(i.dmp_set_tap_count)
    dmp_set_tap_thresh                       0x08006521   Thumb Code   274  inv_mpu_dmp_motion_driver.o(i.dmp_set_tap_thresh)
    dmp_set_tap_time                         0x08006649   Thumb Code    32  inv_mpu_dmp_motion_driver.o(i.dmp_set_tap_time)
    dmp_set_tap_time_multi                   0x08006669   Thumb Code    32  inv_mpu_dmp_motion_driver.o(i.dmp_set_tap_time_multi)
    ferror                                   0x08006689   Thumb Code     6  uart.o(i.ferror)
    fputc                                    0x08006691   Thumb Code    32  uart.o(i.fputc)
    inv_orientation_matrix_to_scalar         0x08006b51   Thumb Code    34  inv_mpu.o(i.inv_orientation_matrix_to_scalar)
    inv_row_2_scale                          0x08006b73   Thumb Code    72  inv_mpu.o(i.inv_row_2_scale)
    main                                     0x08006bbd   Thumb Code   322  main.o(i.main)
    mget_ms                                  0x08006e09   Thumb Code     2  inv_mpu.o(i.mget_ms)
    motorPidSetSpeed                         0x08006e0d   Thumb Code    50  motor.o(i.motorPidSetSpeed)
    motorPidSpeedCut                         0x08006e51   Thumb Code    30  motor.o(i.motorPidSpeedCut)
    motorPidSpeedUp                          0x08006e75   Thumb Code    32  motor.o(i.motorPidSpeedUp)
    mpu_configure_fifo                       0x08006e9d   Thumb Code    78  inv_mpu.o(i.mpu_configure_fifo)
    mpu_dmp_get_data                         0x08006ef1   Thumb Code   408  inv_mpu.o(i.mpu_dmp_get_data)
    mpu_dmp_init                             0x0800708d   Thumb Code   164  inv_mpu.o(i.mpu_dmp_init)
    mpu_get_accel_fsr                        0x0800714d   Thumb Code    54  inv_mpu.o(i.mpu_get_accel_fsr)
    mpu_get_accel_sens                       0x08007189   Thumb Code    62  inv_mpu.o(i.mpu_get_accel_sens)
    mpu_get_gyro_fsr                         0x080071cd   Thumb Code    48  inv_mpu.o(i.mpu_get_gyro_fsr)
    mpu_get_gyro_sens                        0x08007201   Thumb Code    44  inv_mpu.o(i.mpu_get_gyro_sens)
    mpu_get_lpf                              0x08007241   Thumb Code    52  inv_mpu.o(i.mpu_get_lpf)
    mpu_get_sample_rate                      0x08007279   Thumb Code    22  inv_mpu.o(i.mpu_get_sample_rate)
    mpu_init                                 0x08007295   Thumb Code   350  inv_mpu.o(i.mpu_init)
    mpu_load_firmware                        0x080074ad   Thumb Code   154  inv_mpu.o(i.mpu_load_firmware)
    mpu_lp_accel_mode                        0x0800754d   Thumb Code   178  inv_mpu.o(i.mpu_lp_accel_mode)
    mpu_read_fifo_stream                     0x08007605   Thumb Code   140  inv_mpu.o(i.mpu_read_fifo_stream)
    mpu_read_mem                             0x08007695   Thumb Code    80  inv_mpu.o(i.mpu_read_mem)
    mpu_reset_fifo                           0x080076e9   Thumb Code   374  inv_mpu.o(i.mpu_reset_fifo)
    mpu_run_self_test                        0x08007899   Thumb Code   234  inv_mpu.o(i.mpu_run_self_test)
    mpu_set_accel_fsr                        0x08007989   Thumb Code    98  inv_mpu.o(i.mpu_set_accel_fsr)
    mpu_set_bypass                           0x080079f1   Thumb Code   218  inv_mpu.o(i.mpu_set_bypass)
    mpu_set_dmp_state                        0x08007ad1   Thumb Code   114  inv_mpu.o(i.mpu_set_dmp_state)
    mpu_set_gyro_fsr                         0x08007b49   Thumb Code   104  inv_mpu.o(i.mpu_set_gyro_fsr)
    mpu_set_int_latched                      0x08007bb5   Thumb Code    94  inv_mpu.o(i.mpu_set_int_latched)
    mpu_set_lpf                              0x08007c19   Thumb Code   102  inv_mpu.o(i.mpu_set_lpf)
    mpu_set_sample_rate                      0x08007c85   Thumb Code   124  inv_mpu.o(i.mpu_set_sample_rate)
    mpu_set_sensors                          0x08007d05   Thumb Code   180  inv_mpu.o(i.mpu_set_sensors)
    mpu_write_mem                            0x08007dbd   Thumb Code    80  inv_mpu.o(i.mpu_write_mem)
    mpuiic_Delayus                           0x08007e11   Thumb Code    28  mpuiic.o(i.mpuiic_Delayus)
    osDelay                                  0x08007e35   Thumb Code    14  cmsis_os.o(i.osDelay)
    osKernelStart                            0x08007e43   Thumb Code    10  cmsis_os.o(i.osKernelStart)
    osMessageCreate                          0x08007e4d   Thumb Code    38  cmsis_os.o(i.osMessageCreate)
    osThreadCreate                           0x08007e73   Thumb Code    84  cmsis_os.o(i.osThreadCreate)
    pvPortMalloc                             0x08008361   Thumb Code   216  heap_4.o(i.pvPortMalloc)
    pxPortInitialiseStack                    0x0800843d   Thumb Code    32  port.o(i.pxPortInitialiseStack)
    run_self_test                            0x08008461   Thumb Code   128  inv_mpu.o(i.run_self_test)
    sqrt                                     0x08008539   Thumb Code    76  sqrt.o(i.sqrt)
    uxListRemove                             0x08008585   Thumb Code    38  list.o(i.uxListRemove)
    vApplicationGetIdleTaskMemory            0x080085ad   Thumb Code    16  freertos.o(i.vApplicationGetIdleTaskMemory)
    vListInitialise                          0x080085c1   Thumb Code    22  list.o(i.vListInitialise)
    vListInitialiseItem                      0x080085d7   Thumb Code     6  list.o(i.vListInitialiseItem)
    vListInsert                              0x080085dd   Thumb Code    48  list.o(i.vListInsert)
    vListInsertEnd                           0x0800860d   Thumb Code    24  list.o(i.vListInsertEnd)
    vPortEnterCritical                       0x08008625   Thumb Code    54  port.o(i.vPortEnterCritical)
    vPortExitCritical                        0x08008665   Thumb Code    34  port.o(i.vPortExitCritical)
    vPortFree                                0x0800868d   Thumb Code    94  heap_4.o(i.vPortFree)
    vPortSetupTimerInterrupt                 0x080086f1   Thumb Code    32  port.o(i.vPortSetupTimerInterrupt)
    vPortValidateInterruptPriority           0x08008715   Thumb Code    74  port.o(i.vPortValidateInterruptPriority)
    vTaskDelay                               0x08008769   Thumb Code    66  tasks.o(i.vTaskDelay)
    vTaskInternalSetTimeOutState             0x080087b5   Thumb Code    12  tasks.o(i.vTaskInternalSetTimeOutState)
    vTaskMissedYield                         0x080087c5   Thumb Code     8  tasks.o(i.vTaskMissedYield)
    vTaskPlaceOnEventList                    0x080087d1   Thumb Code    44  tasks.o(i.vTaskPlaceOnEventList)
    vTaskStartScheduler                      0x08008801   Thumb Code    90  tasks.o(i.vTaskStartScheduler)
    vTaskSuspendAll                          0x0800886d   Thumb Code    10  tasks.o(i.vTaskSuspendAll)
    vTaskSwitchContext                       0x0800887d   Thumb Code    82  tasks.o(i.vTaskSwitchContext)
    xPortStartScheduler                      0x080088d9   Thumb Code   154  port.o(i.xPortStartScheduler)
    xQueueGenericCreate                      0x08008981   Thumb Code    66  queue.o(i.xQueueGenericCreate)
    xQueueGenericCreateStatic                0x080089c3   Thumb Code   102  queue.o(i.xQueueGenericCreateStatic)
    xQueueGenericReset                       0x08008a29   Thumb Code   132  queue.o(i.xQueueGenericReset)
    xQueueGenericSendFromISR                 0x08008ab1   Thumb Code   190  queue.o(i.xQueueGenericSendFromISR)
    xQueuePeek                               0x08008b71   Thumb Code   302  queue.o(i.xQueuePeek)
    xQueueReceiveFromISR                     0x08008ca5   Thumb Code   154  queue.o(i.xQueueReceiveFromISR)
    xTaskCheckForTimeOut                     0x08008d41   Thumb Code   112  tasks.o(i.xTaskCheckForTimeOut)
    xTaskCreate                              0x08008db5   Thumb Code    90  tasks.o(i.xTaskCreate)
    xTaskCreateStatic                        0x08008e0f   Thumb Code    86  tasks.o(i.xTaskCreateStatic)
    xTaskGetSchedulerState                   0x08008e65   Thumb Code    22  tasks.o(i.xTaskGetSchedulerState)
    xTaskIncrementTick                       0x08008e81   Thumb Code   194  tasks.o(i.xTaskIncrementTick)
    xTaskPriorityDisinherit                  0x08008f4d   Thumb Code   144  tasks.o(i.xTaskPriorityDisinherit)
    xTaskRemoveFromEventList                 0x08008fe5   Thumb Code   108  tasks.o(i.xTaskRemoveFromEventList)
    xTaskResumeAll                           0x08009059   Thumb Code   182  tasks.o(i.xTaskResumeAll)
    _get_lc_numeric                          0x0800911d   Thumb Code    44  lc_numeric_c.o(locale$$code)
    __aeabi_d2f                              0x08009149   Thumb Code     0  d2f.o(x$fpl$d2f)
    _d2f                                     0x08009149   Thumb Code    98  d2f.o(x$fpl$d2f)
    __aeabi_dadd                             0x080091ad   Thumb Code     0  daddsub_clz.o(x$fpl$dadd)
    _dadd                                    0x080091ad   Thumb Code   332  daddsub_clz.o(x$fpl$dadd)
    __fpl_dcheck_NaN1                        0x080092fd   Thumb Code    10  dcheck1.o(x$fpl$dcheck1)
    __fpl_dcmp_Inf                           0x0800930d   Thumb Code    24  dcmpi.o(x$fpl$dcmpinf)
    __aeabi_ddiv                             0x08009325   Thumb Code     0  ddiv.o(x$fpl$ddiv)
    _ddiv                                    0x08009325   Thumb Code   552  ddiv.o(x$fpl$ddiv)
    __aeabi_cdcmpeq                          0x080095d5   Thumb Code     0  deqf.o(x$fpl$deqf)
    _dcmpeq                                  0x080095d5   Thumb Code   120  deqf.o(x$fpl$deqf)
    __aeabi_ui2d                             0x0800964d   Thumb Code     0  dflt_clz.o(x$fpl$dfltu)
    _dfltu                                   0x0800964d   Thumb Code    38  dflt_clz.o(x$fpl$dfltu)
    __aeabi_dmul                             0x08009675   Thumb Code     0  dmul.o(x$fpl$dmul)
    _dmul                                    0x08009675   Thumb Code   332  dmul.o(x$fpl$dmul)
    __fpl_dnaninf                            0x080097c9   Thumb Code   156  dnaninf.o(x$fpl$dnaninf)
    __fpl_dretinf                            0x08009865   Thumb Code    12  dretinf.o(x$fpl$dretinf)
    __aeabi_drsub                            0x08009871   Thumb Code     0  daddsub_clz.o(x$fpl$drsb)
    _drsb                                    0x08009871   Thumb Code    22  daddsub_clz.o(x$fpl$drsb)
    _dsqrt                                   0x08009889   Thumb Code   456  dsqrt_noumaal.o(x$fpl$dsqrt)
    __aeabi_dsub                             0x08009a55   Thumb Code     0  daddsub_clz.o(x$fpl$dsub)
    _dsub                                    0x08009a55   Thumb Code   464  daddsub_clz.o(x$fpl$dsub)
    __aeabi_f2d                              0x08009c29   Thumb Code     0  f2d.o(x$fpl$f2d)
    _f2d                                     0x08009c29   Thumb Code    86  f2d.o(x$fpl$f2d)
    __aeabi_fadd                             0x08009c81   Thumb Code     0  faddsub_clz.o(x$fpl$fadd)
    _fadd                                    0x08009c81   Thumb Code   196  faddsub_clz.o(x$fpl$fadd)
    __fpl_fcheck_NaN1                        0x08009d45   Thumb Code     6  fcheck1.o(x$fpl$fcheck1)
    __fpl_fcmp_Inf                           0x08009d51   Thumb Code    24  fcmpi.o(x$fpl$fcmpinf)
    __aeabi_fdiv                             0x08009d69   Thumb Code     0  fdiv.o(x$fpl$fdiv)
    _fdiv                                    0x08009d69   Thumb Code   384  fdiv.o(x$fpl$fdiv)
    __aeabi_cfcmpeq                          0x08009eed   Thumb Code     0  feqf.o(x$fpl$feqf)
    _fcmpeq                                  0x08009eed   Thumb Code   104  feqf.o(x$fpl$feqf)
    __aeabi_f2iz                             0x08009f55   Thumb Code     0  ffix.o(x$fpl$ffix)
    _ffix                                    0x08009f55   Thumb Code    54  ffix.o(x$fpl$ffix)
    __aeabi_f2uiz                            0x08009f8d   Thumb Code     0  ffixu.o(x$fpl$ffixu)
    _ffixu                                   0x08009f8d   Thumb Code    62  ffixu.o(x$fpl$ffixu)
    __aeabi_i2f                              0x08009fcd   Thumb Code     0  fflt_clz.o(x$fpl$fflt)
    _fflt                                    0x08009fcd   Thumb Code    48  fflt_clz.o(x$fpl$fflt)
    __aeabi_ui2f                             0x08009ffd   Thumb Code     0  fflt_clz.o(x$fpl$ffltu)
    _ffltu                                   0x08009ffd   Thumb Code    38  fflt_clz.o(x$fpl$ffltu)
    __aeabi_fmul                             0x0800a025   Thumb Code     0  fmul.o(x$fpl$fmul)
    _fmul                                    0x0800a025   Thumb Code   258  fmul.o(x$fpl$fmul)
    __fpl_fnaninf                            0x0800a127   Thumb Code   140  fnaninf.o(x$fpl$fnaninf)
    __fpl_fretinf                            0x0800a1b3   Thumb Code    10  fretinf.o(x$fpl$fretinf)
    __aeabi_fsub                             0x0800a1bd   Thumb Code     0  faddsub_clz.o(x$fpl$fsub)
    _fsub                                    0x0800a1bd   Thumb Code   234  faddsub_clz.o(x$fpl$fsub)
    _printf_fp_dec                           0x0800a2a7   Thumb Code     4  printf1.o(x$fpl$printf1)
    __fpl_return_NaN                         0x0800a2ab   Thumb Code   100  retnan.o(x$fpl$retnan)
    __ARM_scalbn                             0x0800a30f   Thumb Code    92  scalbn.o(x$fpl$scalbn)
    __ARM_scalbnf                            0x0800a36b   Thumb Code    76  scalbnf.o(x$fpl$scalbnf)
    __fpl_cmpreturn                          0x0800a3b7   Thumb Code    48  trapv.o(x$fpl$trapveneer)
    __I$use$fp                               0x0800a3e6   Number         0  usenofp.o(x$fpl$usenofp)
    AHBPrescTable                            0x0800a470   Data          16  system_stm32f1xx.o(.constdata)
    APBPrescTable                            0x0800a480   Data           8  system_stm32f1xx.o(.constdata)
    OLED_F8x16                               0x0800a488   Data        1520  oled.o(.constdata)
    reg                                      0x0800aa78   Data          27  inv_mpu.o(.constdata)
    hw                                       0x0800aa94   Data          12  inv_mpu.o(.constdata)
    test                                     0x0800aaa0   Data          40  inv_mpu.o(.constdata)
    __mathlib_zero                           0x0800b7b8   Data           8  qnan.o(.constdata)
    Region$$Table$$Base                      0x0800b958   Number         0  anon$$obj.o(Region$$Table)
    Region$$Table$$Limit                     0x0800b978   Number         0  anon$$obj.o(Region$$Table)
    g_ucUsart3ReceiveData                    0x20000000   Data           1  main.o(.data)
    g_ucaHW_Read                             0x20000004   Data           4  freertos.o(.data)
    g_cThisState                             0x20000008   Data           4  freertos.o(.data)
    g_cLastState                             0x2000000c   Data           4  freertos.o(.data)
    g_fMPU6050YawMovePidOut                  0x20000010   Data           4  freertos.o(.data)
    g_fMPU6050YawMovePidOut1                 0x20000014   Data           4  freertos.o(.data)
    g_fMPU6050YawMovePidOut2                 0x20000018   Data           4  freertos.o(.data)
    Mileage                                  0x2000001c   Data           4  freertos.o(.data)
    g_fHW_PID_Out                            0x20000020   Data           4  freertos.o(.data)
    g_fHW_PID_Out1                           0x20000024   Data           4  freertos.o(.data)
    g_fHW_PID_Out2                           0x20000028   Data           4  freertos.o(.data)
    g_fHC_SR04_Read                          0x2000002c   Data           4  freertos.o(.data)
    g_fFollow_PID_Out                        0x20000030   Data           4  freertos.o(.data)
    pitch                                    0x20000034   Data           4  freertos.o(.data)
    roll                                     0x20000038   Data           4  freertos.o(.data)
    yaw                                      0x2000003c   Data           4  freertos.o(.data)
    StopTaskHandle                           0x20000040   Data           4  freertos.o(.data)
    OledTaskHandle                           0x20000044   Data           4  freertos.o(.data)
    MultiModeTaskHandle                      0x20000048   Data           4  freertos.o(.data)
    myQueueModeHandle                        0x2000004c   Data           4  freertos.o(.data)
    Usart1_ReadCount                         0x20000050   Data           1  stm32f1xx_it.o(.data)
    Encode1Count                             0x20000052   Data           2  stm32f1xx_it.o(.data)
    Encode2Count                             0x20000054   Data           2  stm32f1xx_it.o(.data)
    TimerCount                               0x20000056   Data           2  stm32f1xx_it.o(.data)
    Motor1Speed                              0x20000058   Data           4  stm32f1xx_it.o(.data)
    Motor2Speed                              0x2000005c   Data           4  stm32f1xx_it.o(.data)
    uwTickFreq                               0x20000060   Data           1  stm32f1xx_hal.o(.data)
    uwTickPrio                               0x20000064   Data           4  stm32f1xx_hal.o(.data)
    uwTick                                   0x20000068   Data           4  stm32f1xx_hal.o(.data)
    SystemCoreClock                          0x2000006c   Data           4  system_stm32f1xx.o(.data)
    pxCurrentTCB                             0x20000070   Data           4  tasks.o(.data)
    motorSpeedUpCut                          0x200000d8   Data           4  motor.o(.data)
    __stdout                                 0x20000114   Data           4  uart.o(.data)
    OledString                               0x20000118   Data          50  freertos.o(.bss)
    Usart3String                             0x2000014a   Data          50  freertos.o(.bss)
    hadc2                                    0x200003d0   Data          48  adc.o(.bss)
    htim1                                    0x20000400   Data          72  tim.o(.bss)
    htim2                                    0x20000448   Data          72  tim.o(.bss)
    htim4                                    0x20000490   Data          72  tim.o(.bss)
    huart1                                   0x200004d8   Data          72  usart.o(.bss)
    huart2                                   0x20000520   Data          72  usart.o(.bss)
    huart3                                   0x20000568   Data          72  usart.o(.bss)
    Usart1_ReadBuf                           0x200005b0   Data         256  stm32f1xx_it.o(.bss)
    htim3                                    0x200006b0   Data          72  stm32f1xx_hal_timebase_tim.o(.bss)
    pidMotor1Speed                           0x200013e8   Data          32  pid.o(.bss)
    pidMotor2Speed                           0x20001408   Data          32  pid.o(.bss)
    pidHW_Tracking                           0x20001428   Data          32  pid.o(.bss)
    pidFollow                                0x20001448   Data          32  pid.o(.bss)
    pidMPU6050YawMovement                    0x20001468   Data          32  pid.o(.bss)
    __libspace_start                         0x20001498   Data          96  libspace.o(.bss)
    __temporary_stack_top$libspace           0x200014f8   Data           0  libspace.o(.bss)



==============================================================================

Memory Map of the image

  Image Entry point : 0x080000ed

  Load Region LR_IROM1 (Base: 0x08000000, Size: 0x0000baac, Max: 0x00010000, ABSOLUTE)

    Execution Region ER_IROM1 (Exec base: 0x08000000, Load base: 0x08000000, Size: 0x0000b994, Max: 0x00010000, ABSOLUTE)

    Exec Addr    Load Addr    Size         Type   Attr      Idx    E Section Name        Object

    0x08000000   0x08000000   0x000000ec   Data   RO            3    RESET               startup_stm32f103xb.o
    0x080000ec   0x080000ec   0x00000008   Code   RO         6545  * !!!main             c_w.l(__main.o)
    0x080000f4   0x080000f4   0x00000034   Code   RO         7022    !!!scatter          c_w.l(__scatter.o)
    0x08000128   0x08000128   0x0000001a   Code   RO         7024    !!handler_copy      c_w.l(__scatter_copy.o)
    0x08000142   0x08000142   0x00000002   PAD
    0x08000144   0x08000144   0x0000001c   Code   RO         7026    !!handler_zi        c_w.l(__scatter_zi.o)
    0x08000160   0x08000160   0x00000000   Code   RO         6520    .ARM.Collect$$_printf_percent$$00000000  c_w.l(_printf_percent.o)
    0x08000160   0x08000160   0x00000006   Code   RO         6518    .ARM.Collect$$_printf_percent$$00000003  c_w.l(_printf_f.o)
    0x08000166   0x08000166   0x00000006   Code   RO         6517    .ARM.Collect$$_printf_percent$$00000009  c_w.l(_printf_d.o)
    0x0800016c   0x0800016c   0x00000004   Code   RO         6683    .ARM.Collect$$_printf_percent$$00000017  c_w.l(_printf_percent_end.o)
    0x08000170   0x08000170   0x00000002   Code   RO         6941    .ARM.Collect$$libinit$$00000000  c_w.l(libinit.o)
    0x08000172   0x08000172   0x00000000   Code   RO         6697    .ARM.Collect$$libinit$$00000002  c_w.l(libinit2.o)
    0x08000172   0x08000172   0x00000000   Code   RO         6699    .ARM.Collect$$libinit$$00000004  c_w.l(libinit2.o)
    0x08000172   0x08000172   0x00000000   Code   RO         6702    .ARM.Collect$$libinit$$0000000A  c_w.l(libinit2.o)
    0x08000172   0x08000172   0x00000000   Code   RO         6704    .ARM.Collect$$libinit$$0000000C  c_w.l(libinit2.o)
    0x08000172   0x08000172   0x00000000   Code   RO         6706    .ARM.Collect$$libinit$$0000000E  c_w.l(libinit2.o)
    0x08000172   0x08000172   0x00000006   Code   RO         6707    .ARM.Collect$$libinit$$0000000F  c_w.l(libinit2.o)
    0x08000178   0x08000178   0x00000000   Code   RO         6709    .ARM.Collect$$libinit$$00000011  c_w.l(libinit2.o)
    0x08000178   0x08000178   0x00000000   Code   RO         6711    .ARM.Collect$$libinit$$00000013  c_w.l(libinit2.o)
    0x08000178   0x08000178   0x00000000   Code   RO         6713    .ARM.Collect$$libinit$$00000015  c_w.l(libinit2.o)
    0x08000178   0x08000178   0x0000000a   Code   RO         6714    .ARM.Collect$$libinit$$00000016  c_w.l(libinit2.o)
    0x08000182   0x08000182   0x00000000   Code   RO         6715    .ARM.Collect$$libinit$$00000017  c_w.l(libinit2.o)
    0x08000182   0x08000182   0x00000000   Code   RO         6717    .ARM.Collect$$libinit$$00000019  c_w.l(libinit2.o)
    0x08000182   0x08000182   0x00000000   Code   RO         6719    .ARM.Collect$$libinit$$0000001B  c_w.l(libinit2.o)
    0x08000182   0x08000182   0x00000000   Code   RO         6721    .ARM.Collect$$libinit$$0000001D  c_w.l(libinit2.o)
    0x08000182   0x08000182   0x00000000   Code   RO         6723    .ARM.Collect$$libinit$$0000001F  c_w.l(libinit2.o)
    0x08000182   0x08000182   0x00000000   Code   RO         6725    .ARM.Collect$$libinit$$00000021  c_w.l(libinit2.o)
    0x08000182   0x08000182   0x00000000   Code   RO         6727    .ARM.Collect$$libinit$$00000023  c_w.l(libinit2.o)
    0x08000182   0x08000182   0x00000000   Code   RO         6729    .ARM.Collect$$libinit$$00000025  c_w.l(libinit2.o)
    0x08000182   0x08000182   0x00000000   Code   RO         6733    .ARM.Collect$$libinit$$0000002C  c_w.l(libinit2.o)
    0x08000182   0x08000182   0x00000000   Code   RO         6735    .ARM.Collect$$libinit$$0000002E  c_w.l(libinit2.o)
    0x08000182   0x08000182   0x00000000   Code   RO         6737    .ARM.Collect$$libinit$$00000030  c_w.l(libinit2.o)
    0x08000182   0x08000182   0x00000000   Code   RO         6739    .ARM.Collect$$libinit$$00000032  c_w.l(libinit2.o)
    0x08000182   0x08000182   0x00000002   Code   RO         6740    .ARM.Collect$$libinit$$00000033  c_w.l(libinit2.o)
    0x08000184   0x08000184   0x00000002   Code   RO         7019    .ARM.Collect$$libshutdown$$00000000  c_w.l(libshutdown.o)
    0x08000186   0x08000186   0x00000000   Code   RO         6965    .ARM.Collect$$libshutdown$$00000002  c_w.l(libshutdown2.o)
    0x08000186   0x08000186   0x00000000   Code   RO         6967    .ARM.Collect$$libshutdown$$00000004  c_w.l(libshutdown2.o)
    0x08000186   0x08000186   0x00000000   Code   RO         6969    .ARM.Collect$$libshutdown$$00000006  c_w.l(libshutdown2.o)
    0x08000186   0x08000186   0x00000000   Code   RO         6972    .ARM.Collect$$libshutdown$$00000009  c_w.l(libshutdown2.o)
    0x08000186   0x08000186   0x00000000   Code   RO         6975    .ARM.Collect$$libshutdown$$0000000C  c_w.l(libshutdown2.o)
    0x08000186   0x08000186   0x00000000   Code   RO         6977    .ARM.Collect$$libshutdown$$0000000E  c_w.l(libshutdown2.o)
    0x08000186   0x08000186   0x00000000   Code   RO         6980    .ARM.Collect$$libshutdown$$00000011  c_w.l(libshutdown2.o)
    0x08000186   0x08000186   0x00000002   Code   RO         6981    .ARM.Collect$$libshutdown$$00000012  c_w.l(libshutdown2.o)
    0x08000188   0x08000188   0x00000000   Code   RO         6639    .ARM.Collect$$rtentry$$00000000  c_w.l(__rtentry.o)
    0x08000188   0x08000188   0x00000000   Code   RO         6803    .ARM.Collect$$rtentry$$00000002  c_w.l(__rtentry2.o)
    0x08000188   0x08000188   0x00000006   Code   RO         6815    .ARM.Collect$$rtentry$$00000004  c_w.l(__rtentry4.o)
    0x0800018e   0x0800018e   0x00000000   Code   RO         6805    .ARM.Collect$$rtentry$$00000009  c_w.l(__rtentry2.o)
    0x0800018e   0x0800018e   0x00000004   Code   RO         6806    .ARM.Collect$$rtentry$$0000000A  c_w.l(__rtentry2.o)
    0x08000192   0x08000192   0x00000000   Code   RO         6808    .ARM.Collect$$rtentry$$0000000C  c_w.l(__rtentry2.o)
    0x08000192   0x08000192   0x00000008   Code   RO         6809    .ARM.Collect$$rtentry$$0000000D  c_w.l(__rtentry2.o)
    0x0800019a   0x0800019a   0x00000002   Code   RO         6948    .ARM.Collect$$rtexit$$00000000  c_w.l(rtexit.o)
    0x0800019c   0x0800019c   0x00000000   Code   RO         6995    .ARM.Collect$$rtexit$$00000002  c_w.l(rtexit2.o)
    0x0800019c   0x0800019c   0x00000004   Code   RO         6996    .ARM.Collect$$rtexit$$00000003  c_w.l(rtexit2.o)
    0x080001a0   0x080001a0   0x00000006   Code   RO         6997    .ARM.Collect$$rtexit$$00000004  c_w.l(rtexit2.o)
    0x080001a6   0x080001a6   0x00000002   PAD
    0x080001a8   0x080001a8   0x00000096   Code   RO         4625    .emb_text           port.o
    0x0800023e   0x0800023e   0x00000002   PAD
    0x08000240   0x08000240   0x00000040   Code   RO            4    .text               startup_stm32f103xb.o
    0x08000280   0x08000280   0x00000002   Code   RO         6382    .text               c_w.l(use_no_semi_2.o)
    0x08000282   0x08000282   0x000000ee   Code   RO         6452    .text               c_w.l(lludivv7m.o)
    0x08000370   0x08000370   0x00000048   Code   RO         6456    .text               c_w.l(llsdiv.o)
    0x080003b8   0x080003b8   0x00000018   Code   RO         6460    .text               c_w.l(__2printf.o)
    0x080003d0   0x080003d0   0x0000002c   Code   RO         6462    .text               c_w.l(__2sprintf.o)
    0x080003fc   0x080003fc   0x00000078   Code   RO         6472    .text               c_w.l(_printf_dec.o)
    0x08000474   0x08000474   0x00000138   Code   RO         6507    .text               c_w.l(__printf_flags_wp.o)
    0x080005ac   0x080005ac   0x00000058   Code   RO         6523    .text               c_w.l(memcmp.o)
    0x08000604   0x08000604   0x00000048   Code   RO         6525    .text               c_w.l(strcpy.o)
    0x0800064c   0x0800064c   0x0000003e   Code   RO         6527    .text               c_w.l(strlen.o)
    0x0800068a   0x0800068a   0x0000008a   Code   RO         6531    .text               c_w.l(rt_memcpy_v6.o)
    0x08000714   0x08000714   0x00000064   Code   RO         6533    .text               c_w.l(rt_memcpy_w.o)
    0x08000778   0x08000778   0x00000010   Code   RO         6537    .text               c_w.l(aeabi_memset.o)
    0x08000788   0x08000788   0x0000004e   Code   RO         6539    .text               c_w.l(rt_memclr_w.o)
    0x080007d6   0x080007d6   0x00000002   PAD
    0x080007d8   0x080007d8   0x00000080   Code   RO         6541    .text               c_w.l(strcmpv7m.o)
    0x08000858   0x08000858   0x00000006   Code   RO         6543    .text               c_w.l(heapauxi.o)
    0x0800085e   0x0800085e   0x00000002   Code   RO         6635    .text               c_w.l(use_no_semi.o)
    0x08000860   0x08000860   0x00000016   Code   RO         6671    .text               c_w.l(_rserrno.o)
    0x08000876   0x08000876   0x000000b2   Code   RO         6673    .text               c_w.l(_printf_intcommon.o)
    0x08000928   0x08000928   0x0000041e   Code   RO         6675    .text               c_w.l(_printf_fp_dec.o)
    0x08000d46   0x08000d46   0x00000002   PAD
    0x08000d48   0x08000d48   0x00000030   Code   RO         6677    .text               c_w.l(_printf_char_common.o)
    0x08000d78   0x08000d78   0x0000000a   Code   RO         6679    .text               c_w.l(_sputc.o)
    0x08000d82   0x08000d82   0x00000002   PAD
    0x08000d84   0x08000d84   0x00000024   Code   RO         6681    .text               c_w.l(_printf_char_file.o)
    0x08000da8   0x08000da8   0x00000044   Code   RO         6692    .text               c_w.l(rt_memclr.o)
    0x08000dec   0x08000dec   0x00000008   Code   RO         6799    .text               c_w.l(libspace.o)
    0x08000df4   0x08000df4   0x00000008   Code   RO         6822    .text               c_w.l(rt_locale_intlibspace.o)
    0x08000dfc   0x08000dfc   0x00000008   Code   RO         6827    .text               c_w.l(rt_errno_addr_intlibspace.o)
    0x08000e04   0x08000e04   0x0000008a   Code   RO         6837    .text               c_w.l(lludiv10.o)
    0x08000e8e   0x08000e8e   0x00000002   PAD
    0x08000e90   0x08000e90   0x00000080   Code   RO         6841    .text               c_w.l(_printf_fp_infnan.o)
    0x08000f10   0x08000f10   0x000000e4   Code   RO         6847    .text               c_w.l(bigflt0.o)
    0x08000ff4   0x08000ff4   0x0000004a   Code   RO         6912    .text               c_w.l(sys_stackheap_outer.o)
    0x0800103e   0x0800103e   0x00000012   Code   RO         6922    .text               c_w.l(exit.o)
    0x08001050   0x08001050   0x0000003e   Code   RO         6850    CL$$btod_d2e        c_w.l(btod.o)
    0x0800108e   0x0800108e   0x00000046   Code   RO         6852    CL$$btod_d2e_denorm_low  c_w.l(btod.o)
    0x080010d4   0x080010d4   0x00000060   Code   RO         6851    CL$$btod_d2e_norm_op1  c_w.l(btod.o)
    0x08001134   0x08001134   0x00000338   Code   RO         6860    CL$$btod_div_common  c_w.l(btod.o)
    0x0800146c   0x0800146c   0x000000dc   Code   RO         6857    CL$$btod_e2e        c_w.l(btod.o)
    0x08001548   0x08001548   0x0000002a   Code   RO         6854    CL$$btod_ediv       c_w.l(btod.o)
    0x08001572   0x08001572   0x0000002a   Code   RO         6853    CL$$btod_emul       c_w.l(btod.o)
    0x0800159c   0x0800159c   0x00000244   Code   RO         6859    CL$$btod_mult_common  c_w.l(btod.o)
    0x080017e0   0x080017e0   0x00000056   Code   RO          775    i.ADC_ConversionStop_Disable  stm32f1xx_hal_adc.o
    0x08001836   0x08001836   0x00000002   PAD
    0x08001838   0x08001838   0x0000007c   Code   RO          779    i.ADC_Enable        stm32f1xx_hal_adc.o
    0x080018b4   0x080018b4   0x00000002   Code   RO          547    i.BusFault_Handler  stm32f1xx_it.o
    0x080018b6   0x080018b6   0x00000002   Code   RO          548    i.DebugMon_Handler  stm32f1xx_it.o
    0x080018b8   0x080018b8   0x00000008   Code   RO          549    i.EXTI15_10_IRQHandler  stm32f1xx_it.o
    0x080018c0   0x080018c0   0x00000006   Code   RO          550    i.EXTI4_IRQHandler  stm32f1xx_it.o
    0x080018c6   0x080018c6   0x00000004   Code   RO           13    i.Error_Handler     main.o
    0x080018ca   0x080018ca   0x00000002   PAD
    0x080018cc   0x080018cc   0x000000fc   Code   RO          781    i.HAL_ADC_ConfigChannel  stm32f1xx_hal_adc.o
    0x080019c8   0x080019c8   0x00000006   Code   RO          788    i.HAL_ADC_GetValue  stm32f1xx_hal_adc.o
    0x080019ce   0x080019ce   0x00000002   PAD
    0x080019d0   0x080019d0   0x0000011c   Code   RO          790    i.HAL_ADC_Init      stm32f1xx_hal_adc.o
    0x08001aec   0x08001aec   0x00000058   Code   RO          360    i.HAL_ADC_MspInit   adc.o
    0x08001b44   0x08001b44   0x0000013c   Code   RO          794    i.HAL_ADC_PollForConversion  stm32f1xx_hal_adc.o
    0x08001c80   0x08001c80   0x000000c0   Code   RO          796    i.HAL_ADC_Start     stm32f1xx_hal_adc.o
    0x08001d40   0x08001d40   0x00000046   Code   RO         1432    i.HAL_DMA_Abort     stm32f1xx_hal_dma.o
    0x08001d86   0x08001d86   0x00000002   PAD
    0x08001d88   0x08001d88   0x00000098   Code   RO         1433    i.HAL_DMA_Abort_IT  stm32f1xx_hal_dma.o
    0x08001e20   0x08001e20   0x000000fc   Code   RO          551    i.HAL_GPIO_EXTI_Callback  stm32f1xx_it.o
    0x08001f1c   0x08001f1c   0x00000018   Code   RO         1367    i.HAL_GPIO_EXTI_IRQHandler  stm32f1xx_hal_gpio.o
    0x08001f34   0x08001f34   0x000001e0   Code   RO         1368    i.HAL_GPIO_Init     stm32f1xx_hal_gpio.o
    0x08002114   0x08002114   0x0000000a   Code   RO         1370    i.HAL_GPIO_ReadPin  stm32f1xx_hal_gpio.o
    0x0800211e   0x0800211e   0x00000010   Code   RO         1371    i.HAL_GPIO_TogglePin  stm32f1xx_hal_gpio.o
    0x0800212e   0x0800212e   0x0000000a   Code   RO         1372    i.HAL_GPIO_WritePin  stm32f1xx_hal_gpio.o
    0x08002138   0x08002138   0x0000000c   Code   RO         1062    i.HAL_GetTick       stm32f1xx_hal.o
    0x08002144   0x08002144   0x00000024   Code   RO         1069    i.HAL_Init          stm32f1xx_hal.o
    0x08002168   0x08002168   0x00000098   Code   RO          700    i.HAL_InitTick      stm32f1xx_hal_timebase_tim.o
    0x08002200   0x08002200   0x00000048   Code   RO          676    i.HAL_MspInit       stm32f1xx_hal_msp.o
    0x08002248   0x08002248   0x0000001a   Code   RO         1528    i.HAL_NVIC_EnableIRQ  stm32f1xx_hal_cortex.o
    0x08002262   0x08002262   0x00000002   PAD
    0x08002264   0x08002264   0x00000040   Code   RO         1534    i.HAL_NVIC_SetPriority  stm32f1xx_hal_cortex.o
    0x080022a4   0x080022a4   0x00000024   Code   RO         1535    i.HAL_NVIC_SetPriorityGrouping  stm32f1xx_hal_cortex.o
    0x080022c8   0x080022c8   0x000000a4   Code   RO         1329    i.HAL_RCCEx_GetPeriphCLKFreq  stm32f1xx_hal_rcc_ex.o
    0x0800236c   0x0800236c   0x000000ec   Code   RO         1330    i.HAL_RCCEx_PeriphCLKConfig  stm32f1xx_hal_rcc_ex.o
    0x08002458   0x08002458   0x0000012c   Code   RO         1226    i.HAL_RCC_ClockConfig  stm32f1xx_hal_rcc.o
    0x08002584   0x08002584   0x00000040   Code   RO         1230    i.HAL_RCC_GetClockConfig  stm32f1xx_hal_rcc.o
    0x080025c4   0x080025c4   0x00000020   Code   RO         1233    i.HAL_RCC_GetPCLK1Freq  stm32f1xx_hal_rcc.o
    0x080025e4   0x080025e4   0x00000020   Code   RO         1234    i.HAL_RCC_GetPCLK2Freq  stm32f1xx_hal_rcc.o
    0x08002604   0x08002604   0x0000004c   Code   RO         1235    i.HAL_RCC_GetSysClockFreq  stm32f1xx_hal_rcc.o
    0x08002650   0x08002650   0x00000320   Code   RO         1238    i.HAL_RCC_OscConfig  stm32f1xx_hal_rcc.o
    0x08002970   0x08002970   0x00000002   Code   RO         2734    i.HAL_TIMEx_BreakCallback  stm32f1xx_hal_tim_ex.o
    0x08002972   0x08002972   0x00000002   Code   RO         2735    i.HAL_TIMEx_CommutCallback  stm32f1xx_hal_tim_ex.o
    0x08002974   0x08002974   0x00000054   Code   RO         2737    i.HAL_TIMEx_ConfigBreakDeadTime  stm32f1xx_hal_tim_ex.o
    0x080029c8   0x080029c8   0x00000068   Code   RO         2753    i.HAL_TIMEx_MasterConfigSynchronization  stm32f1xx_hal_tim_ex.o
    0x08002a30   0x08002a30   0x0000005a   Code   RO         2030    i.HAL_TIM_Base_Init  stm32f1xx_hal_tim.o
    0x08002a8a   0x08002a8a   0x00000002   PAD
    0x08002a8c   0x08002a8c   0x0000003c   Code   RO          408    i.HAL_TIM_Base_MspInit  tim.o
    0x08002ac8   0x08002ac8   0x00000058   Code   RO         2035    i.HAL_TIM_Base_Start_IT  stm32f1xx_hal_tim.o
    0x08002b20   0x08002b20   0x000000dc   Code   RO         2039    i.HAL_TIM_ConfigClockSource  stm32f1xx_hal_tim.o
    0x08002bfc   0x08002bfc   0x000000a4   Code   RO         2051    i.HAL_TIM_Encoder_Init  stm32f1xx_hal_tim.o
    0x08002ca0   0x08002ca0   0x000000b0   Code   RO          410    i.HAL_TIM_Encoder_MspInit  tim.o
    0x08002d50   0x08002d50   0x0000008e   Code   RO         2054    i.HAL_TIM_Encoder_Start  stm32f1xx_hal_tim.o
    0x08002dde   0x08002dde   0x00000002   Code   RO         2064    i.HAL_TIM_IC_CaptureCallback  stm32f1xx_hal_tim.o
    0x08002de0   0x08002de0   0x00000130   Code   RO         2078    i.HAL_TIM_IRQHandler  stm32f1xx_hal_tim.o
    0x08002f10   0x08002f10   0x0000004c   Code   RO          411    i.HAL_TIM_MspPostInit  tim.o
    0x08002f5c   0x08002f5c   0x00000002   Code   RO         2081    i.HAL_TIM_OC_DelayElapsedCallback  stm32f1xx_hal_tim.o
    0x08002f5e   0x08002f5e   0x000000cc   Code   RO         2102    i.HAL_TIM_PWM_ConfigChannel  stm32f1xx_hal_tim.o
    0x0800302a   0x0800302a   0x0000005a   Code   RO         2105    i.HAL_TIM_PWM_Init  stm32f1xx_hal_tim.o
    0x08003084   0x08003084   0x00000002   Code   RO         2107    i.HAL_TIM_PWM_MspInit  stm32f1xx_hal_tim.o
    0x08003086   0x08003086   0x00000002   Code   RO         2108    i.HAL_TIM_PWM_PulseFinishedCallback  stm32f1xx_hal_tim.o
    0x08003088   0x08003088   0x0000009c   Code   RO         2110    i.HAL_TIM_PWM_Start  stm32f1xx_hal_tim.o
    0x08003124   0x08003124   0x0000014c   Code   RO          552    i.HAL_TIM_PeriodElapsedCallback  stm32f1xx_it.o
    0x08003270   0x08003270   0x00000002   Code   RO         2121    i.HAL_TIM_TriggerCallback  stm32f1xx_hal_tim.o
    0x08003272   0x08003272   0x00000002   Code   RO         3013    i.HAL_UARTEx_RxEventCallback  stm32f1xx_hal_uart.o
    0x08003274   0x08003274   0x00000002   Code   RO         3027    i.HAL_UART_ErrorCallback  stm32f1xx_hal_uart.o
    0x08003276   0x08003276   0x00000002   PAD
    0x08003278   0x08003278   0x0000026c   Code   RO         3030    i.HAL_UART_IRQHandler  stm32f1xx_hal_uart.o
    0x080034e4   0x080034e4   0x00000064   Code   RO         3031    i.HAL_UART_Init     stm32f1xx_hal_uart.o
    0x08003548   0x08003548   0x00000134   Code   RO          480    i.HAL_UART_MspInit  usart.o
    0x0800367c   0x0800367c   0x000000b0   Code   RO         3034    i.HAL_UART_Receive  stm32f1xx_hal_uart.o
    0x0800372c   0x0800372c   0x0000001c   Code   RO         3036    i.HAL_UART_Receive_IT  stm32f1xx_hal_uart.o
    0x08003748   0x08003748   0x00000128   Code   RO          481    i.HAL_UART_RxCpltCallback  usart.o
    0x08003870   0x08003870   0x000000a0   Code   RO         3039    i.HAL_UART_Transmit  stm32f1xx_hal_uart.o
    0x08003910   0x08003910   0x00000032   Code   RO         3041    i.HAL_UART_Transmit_IT  stm32f1xx_hal_uart.o
    0x08003942   0x08003942   0x00000002   Code   RO         3042    i.HAL_UART_TxCpltCallback  stm32f1xx_hal_uart.o
    0x08003944   0x08003944   0x00000024   Code   RO         5541    i.HC_SR04_Delayus   hc_sr04.o
    0x08003968   0x08003968   0x0000009c   Code   RO         5542    i.HC_SR04_Read      hc_sr04.o
    0x08003a04   0x08003a04   0x00000002   Code   RO          553    i.HardFault_Handler  stm32f1xx_it.o
    0x08003a06   0x08003a06   0x00000002   PAD
    0x08003a08   0x08003a08   0x00000058   Code   RO         5660    i.MPU_IIC_Ack       mpuiic.o
    0x08003a60   0x08003a60   0x00000002   Code   RO         5662    i.MPU_IIC_Init      mpuiic.o
    0x08003a62   0x08003a62   0x00000002   PAD
    0x08003a64   0x08003a64   0x00000058   Code   RO         5663    i.MPU_IIC_NAck      mpuiic.o
    0x08003abc   0x08003abc   0x00000078   Code   RO         5664    i.MPU_IIC_Read_Byte  mpuiic.o
    0x08003b34   0x08003b34   0x00000074   Code   RO         5665    i.MPU_IIC_Send_Byte  mpuiic.o
    0x08003ba8   0x08003ba8   0x00000058   Code   RO         5666    i.MPU_IIC_Start     mpuiic.o
    0x08003c00   0x08003c00   0x00000058   Code   RO         5667    i.MPU_IIC_Stop      mpuiic.o
    0x08003c58   0x08003c58   0x00000070   Code   RO         5668    i.MPU_IIC_Wait_Ack  mpuiic.o
    0x08003cc8   0x08003cc8   0x00000090   Code   RO         5574    i.MPU_Init          mpu6050.o
    0x08003d58   0x08003d58   0x0000003a   Code   RO         5575    i.MPU_Read_Byte     mpu6050.o
    0x08003d92   0x08003d92   0x00000002   PAD
    0x08003d94   0x08003d94   0x0000006c   Code   RO         5576    i.MPU_Read_Len      mpu6050.o
    0x08003e00   0x08003e00   0x0000000a   Code   RO         5577    i.MPU_Set_Accel_Fsr  mpu6050.o
    0x08003e0a   0x08003e0a   0x0000000a   Code   RO         5578    i.MPU_Set_Gyro_Fsr  mpu6050.o
    0x08003e14   0x08003e14   0x00000030   Code   RO         5579    i.MPU_Set_LPF       mpu6050.o
    0x08003e44   0x08003e44   0x0000002e   Code   RO         5580    i.MPU_Set_Rate      mpu6050.o
    0x08003e72   0x08003e72   0x0000003c   Code   RO         5581    i.MPU_Write_Byte    mpu6050.o
    0x08003eae   0x08003eae   0x00000052   Code   RO         5582    i.MPU_Write_Len     mpu6050.o
    0x08003f00   0x08003f00   0x00000050   Code   RO          361    i.MX_ADC2_Init      adc.o
    0x08003f50   0x08003f50   0x00000074   Code   RO          270    i.MX_FREERTOS_Init  freertos.o
    0x08003fc4   0x08003fc4   0x0000015c   Code   RO          245    i.MX_GPIO_Init      gpio.o
    0x08004120   0x08004120   0x000000dc   Code   RO          412    i.MX_TIM1_Init      tim.o
    0x080041fc   0x080041fc   0x0000006c   Code   RO          413    i.MX_TIM2_Init      tim.o
    0x08004268   0x08004268   0x0000006c   Code   RO          414    i.MX_TIM4_Init      tim.o
    0x080042d4   0x080042d4   0x00000038   Code   RO          482    i.MX_USART1_UART_Init  usart.o
    0x0800430c   0x0800430c   0x00000038   Code   RO          483    i.MX_USART2_UART_Init  usart.o
    0x08004344   0x08004344   0x00000038   Code   RO          484    i.MX_USART3_UART_Init  usart.o
    0x0800437c   0x0800437c   0x00000002   Code   RO          554    i.MemManage_Handler  stm32f1xx_it.o
    0x0800437e   0x0800437e   0x00000002   PAD
    0x08004380   0x08004380   0x00000074   Code   RO         4705    i.Motor_Set         motor.o
    0x080043f4   0x080043f4   0x00000002   Code   RO          555    i.NMI_Handler       stm32f1xx_it.o
    0x080043f6   0x080043f6   0x00000026   Code   RO         4751    i.OLED_Clear        oled.o
    0x0800441c   0x0800441c   0x00000028   Code   RO         4752    i.OLED_I2C_Init     oled.o
    0x08004444   0x08004444   0x00000070   Code   RO         4753    i.OLED_I2C_SendByte  oled.o
    0x080044b4   0x080044b4   0x00000040   Code   RO         4754    i.OLED_I2C_Start    oled.o
    0x080044f4   0x080044f4   0x00000034   Code   RO         4755    i.OLED_I2C_Stop     oled.o
    0x08004528   0x08004528   0x000000ac   Code   RO         4756    i.OLED_Init         oled.o
    0x080045d4   0x080045d4   0x00000022   Code   RO         4758    i.OLED_SetCursor    oled.o
    0x080045f6   0x080045f6   0x00000002   PAD
    0x080045f8   0x080045f8   0x00000068   Code   RO         4759    i.OLED_ShowChar     oled.o
    0x08004660   0x08004660   0x00000026   Code   RO         4762    i.OLED_ShowString   oled.o
    0x08004686   0x08004686   0x00000022   Code   RO         4763    i.OLED_WriteCommand  oled.o
    0x080046a8   0x080046a8   0x00000022   Code   RO         4764    i.OLED_WriteData    oled.o
    0x080046ca   0x080046ca   0x00000002   PAD
    0x080046cc   0x080046cc   0x00000090   Code   RO         4847    i.PID_init          pid.o
    0x0800475c   0x0800475c   0x00000052   Code   RO         4848    i.PID_realize       pid.o
    0x080047ae   0x080047ae   0x00000002   PAD
    0x080047b0   0x080047b0   0x0000037c   Code   RO          272    i.StartMultiModeTask  freertos.o
    0x08004b2c   0x08004b2c   0x000003ac   Code   RO          273    i.StartOledTask     freertos.o
    0x08004ed8   0x08004ed8   0x00000034   Code   RO          274    i.StartStopTask     freertos.o
    0x08004f0c   0x08004f0c   0x0000002c   Code   RO         4626    i.SysTick_Handler   port.o
    0x08004f38   0x08004f38   0x00000078   Code   RO           14    i.SystemClock_Config  main.o
    0x08004fb0   0x08004fb0   0x00000002   Code   RO         3365    i.SystemInit        system_stm32f1xx.o
    0x08004fb2   0x08004fb2   0x00000002   PAD
    0x08004fb4   0x08004fb4   0x0000000c   Code   RO          556    i.TIM1_UP_IRQHandler  stm32f1xx_it.o
    0x08004fc0   0x08004fc0   0x0000000c   Code   RO          557    i.TIM2_IRQHandler   stm32f1xx_it.o
    0x08004fcc   0x08004fcc   0x0000000c   Code   RO          558    i.TIM3_IRQHandler   stm32f1xx_it.o
    0x08004fd8   0x08004fd8   0x0000000c   Code   RO          559    i.TIM4_IRQHandler   stm32f1xx_it.o
    0x08004fe4   0x08004fe4   0x00000078   Code   RO         2123    i.TIM_Base_SetConfig  stm32f1xx_hal_tim.o
    0x0800505c   0x0800505c   0x0000001a   Code   RO         2124    i.TIM_CCxChannelCmd  stm32f1xx_hal_tim.o
    0x08005076   0x08005076   0x00000014   Code   RO         2134    i.TIM_ETR_SetConfig  stm32f1xx_hal_tim.o
    0x0800508a   0x0800508a   0x00000010   Code   RO         2135    i.TIM_ITRx_SetConfig  stm32f1xx_hal_tim.o
    0x0800509a   0x0800509a   0x00000002   PAD
    0x0800509c   0x0800509c   0x00000050   Code   RO         2136    i.TIM_OC1_SetConfig  stm32f1xx_hal_tim.o
    0x080050ec   0x080050ec   0x00000058   Code   RO         2137    i.TIM_OC2_SetConfig  stm32f1xx_hal_tim.o
    0x08005144   0x08005144   0x00000058   Code   RO         2138    i.TIM_OC3_SetConfig  stm32f1xx_hal_tim.o
    0x0800519c   0x0800519c   0x00000044   Code   RO         2139    i.TIM_OC4_SetConfig  stm32f1xx_hal_tim.o
    0x080051e0   0x080051e0   0x00000022   Code   RO         2141    i.TIM_TI1_ConfigInputStage  stm32f1xx_hal_tim.o
    0x08005202   0x08005202   0x00000024   Code   RO         2143    i.TIM_TI2_ConfigInputStage  stm32f1xx_hal_tim.o
    0x08005226   0x08005226   0x00000010   Code   RO         3044    i.UART_DMAAbortOnError  stm32f1xx_hal_uart.o
    0x08005236   0x08005236   0x0000004e   Code   RO         3054    i.UART_EndRxTransfer  stm32f1xx_hal_uart.o
    0x08005284   0x08005284   0x000000c2   Code   RO         3056    i.UART_Receive_IT   stm32f1xx_hal_uart.o
    0x08005346   0x08005346   0x00000002   PAD
    0x08005348   0x08005348   0x000000b8   Code   RO         3057    i.UART_SetConfig    stm32f1xx_hal_uart.o
    0x08005400   0x08005400   0x00000036   Code   RO         3059    i.UART_Start_Receive_IT  stm32f1xx_hal_uart.o
    0x08005436   0x08005436   0x00000072   Code   RO         3060    i.UART_WaitOnFlagUntilTimeout  stm32f1xx_hal_uart.o
    0x080054a8   0x080054a8   0x00000044   Code   RO          560    i.USART1_IRQHandler  stm32f1xx_it.o
    0x080054ec   0x080054ec   0x0000000c   Code   RO          561    i.USART2_IRQHandler  stm32f1xx_it.o
    0x080054f8   0x080054f8   0x0000000c   Code   RO          562    i.USART3_IRQHandler  stm32f1xx_it.o
    0x08005504   0x08005504   0x00000002   Code   RO          563    i.UsageFault_Handler  stm32f1xx_it.o
    0x08005506   0x08005506   0x00000028   Code   RO         6784    i.__ARM_fpclassify  m_ws.l(fpclassify.o)
    0x0800552e   0x0800552e   0x00000020   Code   RO         1541    i.__NVIC_SetPriority  stm32f1xx_hal_cortex.o
    0x0800554e   0x0800554e   0x000000aa   Code   RO         6786    i.__kernel_poly     m_ws.l(poly.o)
    0x080055f8   0x080055f8   0x00000006   Code   RO         6771    i.__mathlib_dbl_infnan  m_ws.l(dunder.o)
    0x080055fe   0x080055fe   0x00000004   Code   RO         6772    i.__mathlib_dbl_infnan2  m_ws.l(dunder.o)
    0x08005602   0x08005602   0x0000000c   Code   RO         6773    i.__mathlib_dbl_invalid  m_ws.l(dunder.o)
    0x0800560e   0x0800560e   0x00000002   PAD
    0x08005610   0x08005610   0x00000010   Code   RO         6776    i.__mathlib_dbl_underflow  m_ws.l(dunder.o)
    0x08005620   0x08005620   0x0000000e   Code   RO         6505    i._is_digit         c_w.l(__printf_wp.o)
    0x0800562e   0x0800562e   0x00000002   Code   RO         6279    i._sys_exit         uart.o
    0x08005630   0x08005630   0x00000080   Code   RO         5737    i.accel_self_test   inv_mpu.o
    0x080056b0   0x080056b0   0x00000058   Code   RO          362    i.adcGetBatteryVoltage  adc.o
    0x08005708   0x08005708   0x00000270   Code   RO         6614    i.asin              m_ws.l(asin.o)
    0x08005978   0x08005978   0x00000220   Code   RO         6761    i.atan              m_ws.l(atan.o)
    0x08005b98   0x08005b98   0x0000019c   Code   RO         6624    i.atan2             m_ws.l(atan2.o)
    0x08005d34   0x08005d34   0x0000003a   Code   RO         6089    i.dmp_enable_6x_lp_quat  inv_mpu_dmp_motion_driver.o
    0x08005d6e   0x08005d6e   0x00000002   PAD
    0x08005d70   0x08005d70   0x000001d8   Code   RO         6090    i.dmp_enable_feature  inv_mpu_dmp_motion_driver.o
    0x08005f48   0x08005f48   0x0000003c   Code   RO         6091    i.dmp_enable_gyro_cal  inv_mpu_dmp_motion_driver.o
    0x08005f84   0x08005f84   0x0000003a   Code   RO         6092    i.dmp_enable_lp_quat  inv_mpu_dmp_motion_driver.o
    0x08005fbe   0x08005fbe   0x00000002   PAD
    0x08005fc0   0x08005fc0   0x00000014   Code   RO         6097    i.dmp_load_motion_driver_firmware  inv_mpu_dmp_motion_driver.o
    0x08005fd4   0x08005fd4   0x00000164   Code   RO         6098    i.dmp_read_fifo     inv_mpu_dmp_motion_driver.o
    0x08006138   0x08006138   0x000000d8   Code   RO         6101    i.dmp_set_accel_bias  inv_mpu_dmp_motion_driver.o
    0x08006210   0x08006210   0x00000064   Code   RO         6102    i.dmp_set_fifo_rate  inv_mpu_dmp_motion_driver.o
    0x08006274   0x08006274   0x000000cc   Code   RO         6103    i.dmp_set_gyro_bias  inv_mpu_dmp_motion_driver.o
    0x08006340   0x08006340   0x0000010c   Code   RO         6105    i.dmp_set_orientation  inv_mpu_dmp_motion_driver.o
    0x0800644c   0x0800644c   0x00000030   Code   RO         6108    i.dmp_set_shake_reject_thresh  inv_mpu_dmp_motion_driver.o
    0x0800647c   0x0800647c   0x00000020   Code   RO         6109    i.dmp_set_shake_reject_time  inv_mpu_dmp_motion_driver.o
    0x0800649c   0x0800649c   0x00000020   Code   RO         6110    i.dmp_set_shake_reject_timeout  inv_mpu_dmp_motion_driver.o
    0x080064bc   0x080064bc   0x00000040   Code   RO         6111    i.dmp_set_tap_axes  inv_mpu_dmp_motion_driver.o
    0x080064fc   0x080064fc   0x00000022   Code   RO         6112    i.dmp_set_tap_count  inv_mpu_dmp_motion_driver.o
    0x0800651e   0x0800651e   0x00000002   PAD
    0x08006520   0x08006520   0x00000128   Code   RO         6113    i.dmp_set_tap_thresh  inv_mpu_dmp_motion_driver.o
    0x08006648   0x08006648   0x00000020   Code   RO         6114    i.dmp_set_tap_time  inv_mpu_dmp_motion_driver.o
    0x08006668   0x08006668   0x00000020   Code   RO         6115    i.dmp_set_tap_time_multi  inv_mpu_dmp_motion_driver.o
    0x08006688   0x08006688   0x00000006   Code   RO         6281    i.ferror            uart.o
    0x0800668e   0x0800668e   0x00000002   PAD
    0x08006690   0x08006690   0x00000024   Code   RO         6283    i.fputc             uart.o
    0x080066b4   0x080066b4   0x000000ac   Code   RO         5738    i.get_accel_prod_shift  inv_mpu.o
    0x08006760   0x08006760   0x0000031c   Code   RO         5739    i.get_st_biases     inv_mpu.o
    0x08006a7c   0x08006a7c   0x000000d4   Code   RO         5740    i.gyro_self_test    inv_mpu.o
    0x08006b50   0x08006b50   0x00000022   Code   RO         5741    i.inv_orientation_matrix_to_scalar  inv_mpu.o
    0x08006b72   0x08006b72   0x00000048   Code   RO         5742    i.inv_row_2_scale   inv_mpu.o
    0x08006bba   0x08006bba   0x00000002   PAD
    0x08006bbc   0x08006bbc   0x00000240   Code   RO           15    i.main              main.o
    0x08006dfc   0x08006dfc   0x0000000c   Code   RO         4191    i.makeFreeRtosPriority  cmsis_os.o
    0x08006e08   0x08006e08   0x00000002   Code   RO         5743    i.mget_ms           inv_mpu.o
    0x08006e0a   0x08006e0a   0x00000002   PAD
    0x08006e0c   0x08006e0c   0x00000044   Code   RO         4706    i.motorPidSetSpeed  motor.o
    0x08006e50   0x08006e50   0x00000024   Code   RO         4707    i.motorPidSpeedCut  motor.o
    0x08006e74   0x08006e74   0x00000028   Code   RO         4708    i.motorPidSpeedUp   motor.o
    0x08006e9c   0x08006e9c   0x00000054   Code   RO         5744    i.mpu_configure_fifo  inv_mpu.o
    0x08006ef0   0x08006ef0   0x0000019c   Code   RO         5745    i.mpu_dmp_get_data  inv_mpu.o
    0x0800708c   0x0800708c   0x000000c0   Code   RO         5746    i.mpu_dmp_init      inv_mpu.o
    0x0800714c   0x0800714c   0x0000003c   Code   RO         5747    i.mpu_get_accel_fsr  inv_mpu.o
    0x08007188   0x08007188   0x00000044   Code   RO         5749    i.mpu_get_accel_sens  inv_mpu.o
    0x080071cc   0x080071cc   0x00000034   Code   RO         5755    i.mpu_get_gyro_fsr  inv_mpu.o
    0x08007200   0x08007200   0x00000040   Code   RO         5757    i.mpu_get_gyro_sens  inv_mpu.o
    0x08007240   0x08007240   0x00000038   Code   RO         5759    i.mpu_get_lpf       inv_mpu.o
    0x08007278   0x08007278   0x0000001c   Code   RO         5761    i.mpu_get_sample_rate  inv_mpu.o
    0x08007294   0x08007294   0x00000218   Code   RO         5763    i.mpu_init          inv_mpu.o
    0x080074ac   0x080074ac   0x000000a0   Code   RO         5764    i.mpu_load_firmware  inv_mpu.o
    0x0800754c   0x0800754c   0x000000b8   Code   RO         5765    i.mpu_lp_accel_mode  inv_mpu.o
    0x08007604   0x08007604   0x00000090   Code   RO         5768    i.mpu_read_fifo_stream  inv_mpu.o
    0x08007694   0x08007694   0x00000054   Code   RO         5769    i.mpu_read_mem      inv_mpu.o
    0x080076e8   0x080076e8   0x000001b0   Code   RO         5772    i.mpu_reset_fifo    inv_mpu.o
    0x08007898   0x08007898   0x000000f0   Code   RO         5773    i.mpu_run_self_test  inv_mpu.o
    0x08007988   0x08007988   0x00000068   Code   RO         5775    i.mpu_set_accel_fsr  inv_mpu.o
    0x080079f0   0x080079f0   0x000000e0   Code   RO         5776    i.mpu_set_bypass    inv_mpu.o
    0x08007ad0   0x08007ad0   0x00000078   Code   RO         5778    i.mpu_set_dmp_state  inv_mpu.o
    0x08007b48   0x08007b48   0x0000006c   Code   RO         5779    i.mpu_set_gyro_fsr  inv_mpu.o
    0x08007bb4   0x08007bb4   0x00000064   Code   RO         5780    i.mpu_set_int_latched  inv_mpu.o
    0x08007c18   0x08007c18   0x0000006c   Code   RO         5782    i.mpu_set_lpf       inv_mpu.o
    0x08007c84   0x08007c84   0x00000080   Code   RO         5783    i.mpu_set_sample_rate  inv_mpu.o
    0x08007d04   0x08007d04   0x000000b8   Code   RO         5784    i.mpu_set_sensors   inv_mpu.o
    0x08007dbc   0x08007dbc   0x00000054   Code   RO         5785    i.mpu_write_mem     inv_mpu.o
    0x08007e10   0x08007e10   0x00000024   Code   RO         5669    i.mpuiic_Delayus    mpuiic.o
    0x08007e34   0x08007e34   0x0000000e   Code   RO         4193    i.osDelay           cmsis_os.o
    0x08007e42   0x08007e42   0x0000000a   Code   RO         4196    i.osKernelStart     cmsis_os.o
    0x08007e4c   0x08007e4c   0x00000026   Code   RO         4205    i.osMessageCreate   cmsis_os.o
    0x08007e72   0x08007e72   0x00000054   Code   RO         4230    i.osThreadCreate    cmsis_os.o
    0x08007ec6   0x08007ec6   0x00000002   PAD
    0x08007ec8   0x08007ec8   0x00000070   Code   RO         3867    i.prvAddCurrentTaskToDelayedList  tasks.o
    0x08007f38   0x08007f38   0x000000d0   Code   RO         3868    i.prvAddNewTaskToReadyList  tasks.o
    0x08008008   0x08008008   0x00000026   Code   RO         3543    i.prvCopyDataFromQueue  queue.o
    0x0800802e   0x0800802e   0x0000006c   Code   RO         3544    i.prvCopyDataToQueue  queue.o
    0x0800809a   0x0800809a   0x00000034   Code   RO         3869    i.prvDeleteTCB      tasks.o
    0x080080ce   0x080080ce   0x00000002   PAD
    0x080080d0   0x080080d0   0x0000004c   Code   RO         4558    i.prvHeapInit       heap_4.o
    0x0800811c   0x0800811c   0x00000060   Code   RO         3870    i.prvIdleTask       tasks.o
    0x0800817c   0x0800817c   0x00000016   Code   RO         3546    i.prvInitialiseNewQueue  queue.o
    0x08008192   0x08008192   0x00000002   PAD
    0x08008194   0x08008194   0x000000b0   Code   RO         3871    i.prvInitialiseNewTask  tasks.o
    0x08008244   0x08008244   0x0000004c   Code   RO         4559    i.prvInsertBlockIntoFreeList  heap_4.o
    0x08008290   0x08008290   0x0000001c   Code   RO         3547    i.prvIsQueueEmpty   queue.o
    0x080082ac   0x080082ac   0x00000020   Code   RO         3872    i.prvResetNextTaskUnblockTime  tasks.o
    0x080082cc   0x080082cc   0x00000028   Code   RO         4627    i.prvTaskExitError  port.o
    0x080082f4   0x080082f4   0x0000006a   Code   RO         3548    i.prvUnlockQueue    queue.o
    0x0800835e   0x0800835e   0x00000002   PAD
    0x08008360   0x08008360   0x000000dc   Code   RO         4560    i.pvPortMalloc      heap_4.o
    0x0800843c   0x0800843c   0x00000024   Code   RO         4628    i.pxPortInitialiseStack  port.o
    0x08008460   0x08008460   0x00000080   Code   RO         5786    i.run_self_test     inv_mpu.o
    0x080084e0   0x080084e0   0x00000058   Code   RO         5787    i.set_int_enable    inv_mpu.o
    0x08008538   0x08008538   0x0000004c   Code   RO         6790    i.sqrt              m_ws.l(sqrt.o)
    0x08008584   0x08008584   0x00000026   Code   RO         3503    i.uxListRemove      list.o
    0x080085aa   0x080085aa   0x00000002   PAD
    0x080085ac   0x080085ac   0x00000014   Code   RO          275    i.vApplicationGetIdleTaskMemory  freertos.o
    0x080085c0   0x080085c0   0x00000016   Code   RO         3504    i.vListInitialise   list.o
    0x080085d6   0x080085d6   0x00000006   Code   RO         3505    i.vListInitialiseItem  list.o
    0x080085dc   0x080085dc   0x00000030   Code   RO         3506    i.vListInsert       list.o
    0x0800860c   0x0800860c   0x00000018   Code   RO         3507    i.vListInsertEnd    list.o
    0x08008624   0x08008624   0x00000040   Code   RO         4630    i.vPortEnterCritical  port.o
    0x08008664   0x08008664   0x00000028   Code   RO         4631    i.vPortExitCritical  port.o
    0x0800868c   0x0800868c   0x00000064   Code   RO         4561    i.vPortFree         heap_4.o
    0x080086f0   0x080086f0   0x00000024   Code   RO         4632    i.vPortSetupTimerInterrupt  port.o
    0x08008714   0x08008714   0x00000054   Code   RO         4633    i.vPortValidateInterruptPriority  port.o
    0x08008768   0x08008768   0x0000004c   Code   RO         3882    i.vTaskDelay        tasks.o
    0x080087b4   0x080087b4   0x00000010   Code   RO         3885    i.vTaskInternalSetTimeOutState  tasks.o
    0x080087c4   0x080087c4   0x0000000c   Code   RO         3886    i.vTaskMissedYield  tasks.o
    0x080087d0   0x080087d0   0x00000030   Code   RO         3888    i.vTaskPlaceOnEventList  tasks.o
    0x08008800   0x08008800   0x0000006c   Code   RO         3895    i.vTaskStartScheduler  tasks.o
    0x0800886c   0x0800886c   0x00000010   Code   RO         3897    i.vTaskSuspendAll   tasks.o
    0x0800887c   0x0800887c   0x0000005c   Code   RO         3898    i.vTaskSwitchContext  tasks.o
    0x080088d8   0x080088d8   0x000000a8   Code   RO         4634    i.xPortStartScheduler  port.o
    0x08008980   0x08008980   0x00000042   Code   RO         3557    i.xQueueGenericCreate  queue.o
    0x080089c2   0x080089c2   0x00000066   Code   RO         3558    i.xQueueGenericCreateStatic  queue.o
    0x08008a28   0x08008a28   0x00000088   Code   RO         3559    i.xQueueGenericReset  queue.o
    0x08008ab0   0x08008ab0   0x000000be   Code   RO         3561    i.xQueueGenericSendFromISR  queue.o
    0x08008b6e   0x08008b6e   0x00000002   PAD
    0x08008b70   0x08008b70   0x00000134   Code   RO         3565    i.xQueuePeek        queue.o
    0x08008ca4   0x08008ca4   0x0000009a   Code   RO         3568    i.xQueueReceiveFromISR  queue.o
    0x08008d3e   0x08008d3e   0x00000002   PAD
    0x08008d40   0x08008d40   0x00000074   Code   RO         3900    i.xTaskCheckForTimeOut  tasks.o
    0x08008db4   0x08008db4   0x0000005a   Code   RO         3901    i.xTaskCreate       tasks.o
    0x08008e0e   0x08008e0e   0x00000056   Code   RO         3902    i.xTaskCreateStatic  tasks.o
    0x08008e64   0x08008e64   0x0000001c   Code   RO         3906    i.xTaskGetSchedulerState  tasks.o
    0x08008e80   0x08008e80   0x000000cc   Code   RO         3909    i.xTaskIncrementTick  tasks.o
    0x08008f4c   0x08008f4c   0x00000098   Code   RO         3912    i.xTaskPriorityDisinherit  tasks.o
    0x08008fe4   0x08008fe4   0x00000074   Code   RO         3914    i.xTaskRemoveFromEventList  tasks.o
    0x08009058   0x08009058   0x000000c4   Code   RO         3915    i.xTaskResumeAll    tasks.o
    0x0800911c   0x0800911c   0x0000002c   Code   RO         6876    locale$$code        c_w.l(lc_numeric_c.o)
    0x08009148   0x08009148   0x00000062   Code   RO         6547    x$fpl$d2f           fz_ws.l(d2f.o)
    0x080091aa   0x080091aa   0x00000002   PAD
    0x080091ac   0x080091ac   0x00000150   Code   RO         6549    x$fpl$dadd          fz_ws.l(daddsub_clz.o)
    0x080092fc   0x080092fc   0x00000010   Code   RO         6741    x$fpl$dcheck1       fz_ws.l(dcheck1.o)
    0x0800930c   0x0800930c   0x00000018   Code   RO         6743    x$fpl$dcmpinf       fz_ws.l(dcmpi.o)
    0x08009324   0x08009324   0x000002b0   Code   RO         6556    x$fpl$ddiv          fz_ws.l(ddiv.o)
    0x080095d4   0x080095d4   0x00000078   Code   RO         6745    x$fpl$deqf          fz_ws.l(deqf.o)
    0x0800964c   0x0800964c   0x00000026   Code   RO         6563    x$fpl$dfltu         fz_ws.l(dflt_clz.o)
    0x08009672   0x08009672   0x00000002   PAD
    0x08009674   0x08009674   0x00000154   Code   RO         6571    x$fpl$dmul          fz_ws.l(dmul.o)
    0x080097c8   0x080097c8   0x0000009c   Code   RO         6747    x$fpl$dnaninf       fz_ws.l(dnaninf.o)
    0x08009864   0x08009864   0x0000000c   Code   RO         6749    x$fpl$dretinf       fz_ws.l(dretinf.o)
    0x08009870   0x08009870   0x00000016   Code   RO         6550    x$fpl$drsb          fz_ws.l(daddsub_clz.o)
    0x08009886   0x08009886   0x00000002   PAD
    0x08009888   0x08009888   0x000001cc   Code   RO         6887    x$fpl$dsqrt         fz_ws.l(dsqrt_noumaal.o)
    0x08009a54   0x08009a54   0x000001d4   Code   RO         6551    x$fpl$dsub          fz_ws.l(daddsub_clz.o)
    0x08009c28   0x08009c28   0x00000056   Code   RO         6575    x$fpl$f2d           fz_ws.l(f2d.o)
    0x08009c7e   0x08009c7e   0x00000002   PAD
    0x08009c80   0x08009c80   0x000000c4   Code   RO         6577    x$fpl$fadd          fz_ws.l(faddsub_clz.o)
    0x08009d44   0x08009d44   0x0000000c   Code   RO         6751    x$fpl$fcheck1       fz_ws.l(fcheck1.o)
    0x08009d50   0x08009d50   0x00000018   Code   RO         6753    x$fpl$fcmpinf       fz_ws.l(fcmpi.o)
    0x08009d68   0x08009d68   0x00000184   Code   RO         6584    x$fpl$fdiv          fz_ws.l(fdiv.o)
    0x08009eec   0x08009eec   0x00000068   Code   RO         6587    x$fpl$feqf          fz_ws.l(feqf.o)
    0x08009f54   0x08009f54   0x00000036   Code   RO         6589    x$fpl$ffix          fz_ws.l(ffix.o)
    0x08009f8a   0x08009f8a   0x00000002   PAD
    0x08009f8c   0x08009f8c   0x0000003e   Code   RO         6593    x$fpl$ffixu         fz_ws.l(ffixu.o)
    0x08009fca   0x08009fca   0x00000002   PAD
    0x08009fcc   0x08009fcc   0x00000030   Code   RO         6598    x$fpl$fflt          fz_ws.l(fflt_clz.o)
    0x08009ffc   0x08009ffc   0x00000026   Code   RO         6597    x$fpl$ffltu         fz_ws.l(fflt_clz.o)
    0x0800a022   0x0800a022   0x00000002   PAD
    0x0800a024   0x0800a024   0x00000102   Code   RO         6603    x$fpl$fmul          fz_ws.l(fmul.o)
    0x0800a126   0x0800a126   0x0000008c   Code   RO         6755    x$fpl$fnaninf       fz_ws.l(fnaninf.o)
    0x0800a1b2   0x0800a1b2   0x0000000a   Code   RO         6757    x$fpl$fretinf       fz_ws.l(fretinf.o)
    0x0800a1bc   0x0800a1bc   0x000000ea   Code   RO         6579    x$fpl$fsub          fz_ws.l(faddsub_clz.o)
    0x0800a2a6   0x0800a2a6   0x00000004   Code   RO         6605    x$fpl$printf1       fz_ws.l(printf1.o)
    0x0800a2aa   0x0800a2aa   0x00000064   Code   RO         6897    x$fpl$retnan        fz_ws.l(retnan.o)
    0x0800a30e   0x0800a30e   0x0000005c   Code   RO         6607    x$fpl$scalbn        fz_ws.l(scalbn.o)
    0x0800a36a   0x0800a36a   0x0000004c   Code   RO         6609    x$fpl$scalbnf       fz_ws.l(scalbnf.o)
    0x0800a3b6   0x0800a3b6   0x00000030   Code   RO         6942    x$fpl$trapveneer    fz_ws.l(trapv.o)
    0x0800a3e6   0x0800a3e6   0x00000000   Code   RO         6759    x$fpl$usenofp       fz_ws.l(usenofp.o)
    0x0800a3e6   0x0800a3e6   0x00000002   PAD
    0x0800a3e8   0x0800a3e8   0x00000064   Data   RO          277    .constdata          freertos.o
    0x0800a44c   0x0800a44c   0x00000012   Data   RO         1239    .constdata          stm32f1xx_hal_rcc.o
    0x0800a45e   0x0800a45e   0x00000012   Data   RO         1331    .constdata          stm32f1xx_hal_rcc_ex.o
    0x0800a470   0x0800a470   0x00000010   Data   RO         3366    .constdata          system_stm32f1xx.o
    0x0800a480   0x0800a480   0x00000008   Data   RO         3367    .constdata          system_stm32f1xx.o
    0x0800a488   0x0800a488   0x000005f0   Data   RO         4765    .constdata          oled.o
    0x0800aa78   0x0800aa78   0x0000001b   Data   RO         5789    .constdata          inv_mpu.o
    0x0800aa93   0x0800aa93   0x00000001   PAD
    0x0800aa94   0x0800aa94   0x0000000c   Data   RO         5790    .constdata          inv_mpu.o
    0x0800aaa0   0x0800aaa0   0x00000028   Data   RO         5791    .constdata          inv_mpu.o
    0x0800aac8   0x0800aac8   0x00000bf6   Data   RO         6117    .constdata          inv_mpu_dmp_motion_driver.o
    0x0800b6be   0x0800b6be   0x00000011   Data   RO         6508    .constdata          c_w.l(__printf_flags_wp.o)
    0x0800b6cf   0x0800b6cf   0x00000001   PAD
    0x0800b6d0   0x0800b6d0   0x00000050   Data   RO         6615    .constdata          m_ws.l(asin.o)
    0x0800b720   0x0800b720   0x00000098   Data   RO         6762    .constdata          m_ws.l(atan.o)
    0x0800b7b8   0x0800b7b8   0x00000008   Data   RO         6788    .constdata          m_ws.l(qnan.o)
    0x0800b7c0   0x0800b7c0   0x00000094   Data   RO         6848    .constdata          c_w.l(bigflt0.o)
    0x0800b854   0x0800b854   0x00000089   Data   RO           16    .conststring        main.o
    0x0800b8dd   0x0800b8dd   0x00000003   PAD
    0x0800b8e0   0x0800b8e0   0x00000025   Data   RO          278    .conststring        freertos.o
    0x0800b905   0x0800b905   0x00000003   PAD
    0x0800b908   0x0800b908   0x0000004d   Data   RO         5792    .conststring        inv_mpu.o
    0x0800b955   0x0800b955   0x00000003   PAD
    0x0800b958   0x0800b958   0x00000020   Data   RO         7020    Region$$Table       anon$$obj.o
    0x0800b978   0x0800b978   0x0000001c   Data   RO         6875    locale$$data        c_w.l(lc_numeric_c.o)


    Execution Region RW_IRAM1 (Exec base: 0x20000000, Load base: 0x0800b994, Size: 0x000024f8, Max: 0x00005000, ABSOLUTE)

    Exec Addr    Load Addr    Size         Type   Attr      Idx    E Section Name        Object

    0x20000000   0x0800b994   0x00000001   Data   RW           17    .data               main.o
    0x20000001   0x0800b995   0x00000003   PAD
    0x20000004   0x0800b998   0x0000004c   Data   RW          283    .data               freertos.o
    0x20000050   0x0800b9e4   0x00000010   Data   RW          565    .data               stm32f1xx_it.o
    0x20000060   0x0800b9f4   0x0000000c   Data   RW         1076    .data               stm32f1xx_hal.o
    0x2000006c   0x0800ba00   0x00000004   Data   RW         3368    .data               system_stm32f1xx.o
    0x20000070   0x0800ba04   0x0000003c   Data   RW         3918    .data               tasks.o
    0x200000ac   0x0800ba40   0x00000020   Data   RW         4567    .data               heap_4.o
    0x200000cc   0x0800ba60   0x0000000c   Data   RW         4635    .data               port.o
    0x200000d8   0x0800ba6c   0x00000004   Data   RW         4709    .data               motor.o
    0x200000dc   0x0800ba70   0x00000035   Data   RW         5793    .data               inv_mpu.o
    0x20000111   0x0800baa5   0x00000003   PAD
    0x20000114   0x0800baa8   0x00000004   Data   RW         6284    .data               uart.o
    0x20000118        -       0x000002b8   Zero   RW          276    .bss                freertos.o
    0x200003d0        -       0x00000030   Zero   RW          363    .bss                adc.o
    0x20000400        -       0x000000d8   Zero   RW          415    .bss                tim.o
    0x200004d8        -       0x000000d8   Zero   RW          486    .bss                usart.o
    0x200005b0        -       0x00000100   Zero   RW          564    .bss                stm32f1xx_it.o
    0x200006b0        -       0x00000048   Zero   RW          703    .bss                stm32f1xx_hal_timebase_tim.o
    0x200006f8        -       0x000000f0   Zero   RW         3917    .bss                tasks.o
    0x200007e8        -       0x00000c00   Zero   RW         4566    .bss                heap_4.o
    0x200013e8        -       0x000000a0   Zero   RW         4851    .bss                pid.o
    0x20001488        -       0x00000010   Zero   RW         6116    .bss                inv_mpu_dmp_motion_driver.o
    0x20001498        -       0x00000060   Zero   RW         6800    .bss                c_w.l(libspace.o)
    0x200014f8        -       0x00000800   Zero   RW            2    HEAP                startup_stm32f103xb.o
    0x20001cf8        -       0x00000800   Zero   RW            1    STACK               startup_stm32f103xb.o


==============================================================================

Image component sizes


      Code (inc. data)   RO Data    RW Data    ZI Data      Debug   Object Name

       256         38          0          0         48       2144   adc.o
       158          0          0          0          0      23883   cmsis_os.o
         0          0          0          0          0      20064   event_groups.o
      2020        544        137         76        696       7718   freertos.o
       348         26          0          0          0       1292   gpio.o
       192         34          0          0          0       1449   hc_sr04.o
       472         24          0         32       3072       7263   heap_4.o
      5588        466        156         53          0      29998   inv_mpu.o
      2382        118       3062          0         16      19422   inv_mpu_dmp_motion_driver.o
       138          0          0          0          0       3342   list.o
       700        254        137          1          0     476295   main.o
       260         42          0          4          0       2314   motor.o
       566         18          0          0          0       5745   mpu6050.o
       738         46          0          0          0       5505   mpuiic.o
       722         44       1520          0          0       6642   oled.o
       226         24          0          0        160       1763   pid.o
       662         70          0         12          0      10965   port.o
      1258         10          0          0          0      15866   queue.o
        64         26        236          0       4096        800   startup_stm32f103xb.o
        48         10          0         12          0       4112   stm32f1xx_hal.o
      1260         54          0          0          0       6456   stm32f1xx_hal_adc.o
       158         14          0          0          0      28142   stm32f1xx_hal_cortex.o
       222          4          0          0          0       1743   stm32f1xx_hal_dma.o
       540         40          0          0          0       4663   stm32f1xx_hal_gpio.o
        72         10          0          0          0        850   stm32f1xx_hal_msp.o
      1304         94         18          0          0       5681   stm32f1xx_hal_rcc.o
       400         28         18          0          0       2441   stm32f1xx_hal_rcc_ex.o
      2044         56          0          0          0      17817   stm32f1xx_hal_tim.o
       192         12          0          0          0       3149   stm32f1xx_hal_tim_ex.o
       152         20          0          0         72       1451   stm32f1xx_hal_timebase_tim.o
      1780         10          0          0          0      12658   stm32f1xx_hal_uart.o
       750        148          0         16        256       9585   stm32f1xx_it.o
         0          0          0          0          0        392   stream_buffer.o
         2          0         24          4          0       1091   system_stm32f1xx.o
      2032        150          0         60        240      24334   tasks.o
       748         60          0          0        216       4348   tim.o
        44          4          0          4          0       3075   uart.o
       772         82          0          0        216       4323   usart.o

    ----------------------------------------------------------------------
     29332       2580       5350        280       9088     778781   Object Totals
         0          0         32          0          0          0   (incl. Generated)
        62          0         10          6          0          0   (incl. Padding)

    ----------------------------------------------------------------------

      Code (inc. data)   RO Data    RW Data    ZI Data      Debug   Library Member Name

        24          4          0          0          0         84   __2printf.o
        44          6          0          0          0         84   __2sprintf.o
         8          0          0          0          0         68   __main.o
       312          4         17          0          0         92   __printf_flags_wp.o
        14          0          0          0          0         68   __printf_wp.o
         0          0          0          0          0          0   __rtentry.o
        12          0          0          0          0          0   __rtentry2.o
         6          0          0          0          0          0   __rtentry4.o
        52          8          0          0          0          0   __scatter.o
        26          0          0          0          0          0   __scatter_copy.o
        28          0          0          0          0          0   __scatter_zi.o
        48          6          0          0          0         96   _printf_char_common.o
        36          4          0          0          0         80   _printf_char_file.o
         6          0          0          0          0          0   _printf_d.o
       120         16          0          0          0         92   _printf_dec.o
         6          0          0          0          0          0   _printf_f.o
      1054          0          0          0          0        216   _printf_fp_dec.o
       128         16          0          0          0         84   _printf_fp_infnan.o
       178          0          0          0          0         88   _printf_intcommon.o
         0          0          0          0          0          0   _printf_percent.o
         4          0          0          0          0          0   _printf_percent_end.o
        22          0          0          0          0        100   _rserrno.o
        10          0          0          0          0         68   _sputc.o
        16          0          0          0          0         68   aeabi_memset.o
       228          4        148          0          0         96   bigflt0.o
      1936        128          0          0          0        672   btod.o
        18          0          0          0          0         80   exit.o
         6          0          0          0          0        152   heapauxi.o
        44         10         28          0          0         76   lc_numeric_c.o
         2          0          0          0          0          0   libinit.o
        18          0          0          0          0          0   libinit2.o
         2          0          0          0          0          0   libshutdown.o
         2          0          0          0          0          0   libshutdown2.o
         8          4          0          0         96         68   libspace.o
        72          0          0          0          0         76   llsdiv.o
       138          0          0          0          0         80   lludiv10.o
       238          0          0          0          0        100   lludivv7m.o
        88          0          0          0          0         76   memcmp.o
         8          4          0          0          0         68   rt_errno_addr_intlibspace.o
         8          4          0          0          0         68   rt_locale_intlibspace.o
        68          0          0          0          0         68   rt_memclr.o
        78          0          0          0          0         80   rt_memclr_w.o
       138          0          0          0          0         68   rt_memcpy_v6.o
       100          0          0          0          0         80   rt_memcpy_w.o
         2          0          0          0          0          0   rtexit.o
        10          0          0          0          0          0   rtexit2.o
       128          0          0          0          0         68   strcmpv7m.o
        72          0          0          0          0         80   strcpy.o
        62          0          0          0          0         76   strlen.o
        74          0          0          0          0         80   sys_stackheap_outer.o
         2          0          0          0          0         68   use_no_semi.o
         2          0          0          0          0         68   use_no_semi_2.o
        98          4          0          0          0         92   d2f.o
       826         16          0          0          0        348   daddsub_clz.o
        16          4          0          0          0         68   dcheck1.o
        24          0          0          0          0         68   dcmpi.o
       688        140          0          0          0        208   ddiv.o
       120          4          0          0          0         92   deqf.o
        38          0          0          0          0         68   dflt_clz.o
       340         12          0          0          0        104   dmul.o
       156          4          0          0          0         92   dnaninf.o
        12          0          0          0          0         68   dretinf.o
       460         56          0          0          0        120   dsqrt_noumaal.o
        86          4          0          0          0         84   f2d.o
       430          8          0          0          0        168   faddsub_clz.o
        12          4          0          0          0         68   fcheck1.o
        24          0          0          0          0         68   fcmpi.o
       388         76          0          0          0         96   fdiv.o
       104          4          0          0          0         84   feqf.o
        54          4          0          0          0         84   ffix.o
        62          4          0          0          0         84   ffixu.o
        86          0          0          0          0        136   fflt_clz.o
       258          4          0          0          0         84   fmul.o
       140          4          0          0          0         84   fnaninf.o
        10          0          0          0          0         68   fretinf.o
         4          0          0          0          0         68   printf1.o
       100          0          0          0          0         68   retnan.o
        92          0          0          0          0         68   scalbn.o
        76          0          0          0          0         68   scalbnf.o
        48          0          0          0          0         68   trapv.o
         0          0          0          0          0          0   usenofp.o
       624         52         80          0          0        168   asin.o
       544         70        152          0          0        124   atan.o
       412         38          0          0          0        144   atan2.o
        38          6          0          0          0        272   dunder.o
        40          0          0          0          0         68   fpclassify.o
       170          0          0          0          0         96   poly.o
         0          0          8          0          0          0   qnan.o
        76          0          0          0          0         84   sqrt.o

    ----------------------------------------------------------------------
     12392        736        434          0         96       7368   Library Totals
        30          0          1          0          0          0   (incl. Padding)

    ----------------------------------------------------------------------

      Code (inc. data)   RO Data    RW Data    ZI Data      Debug   Library Name

      5706        218        193          0         96       3636   c_w.l
      4752        352          0          0          0       2776   fz_ws.l
      1904        166        240          0          0        956   m_ws.l

    ----------------------------------------------------------------------
     12392        736        434          0         96       7368   Library Totals

    ----------------------------------------------------------------------

==============================================================================


      Code (inc. data)   RO Data    RW Data    ZI Data      Debug   

     41724       3316       5784        280       9184     768569   Grand Totals
     41724       3316       5784        280       9184     768569   ELF Image Totals
     41724       3316       5784        280          0          0   ROM Totals

==============================================================================

    Total RO  Size (Code + RO Data)                47508 (  46.39kB)
    Total RW  Size (RW Data + ZI Data)              9464 (   9.24kB)
    Total ROM Size (Code + RO Data + RW Data)      47788 (  46.67kB)

==============================================================================

