<html>
<body>
<pre>
<h1>�Vision Build Log</h1>
<h2>Tool Versions:</h2>
IDE-Version: ��Vision V5.32.0.0
Copyright (C) 2020 ARM Ltd and ARM Germany GmbH. All rights reserved.
License Information: Chen XY, CXY, LIC=SDA0P-MCH72-KP9ZY-IJ6ID-TA5N3-CTDM4
 
Tool Versions:
Toolchain:       MDK-ARM Plus  Version: 5.32.0.0
Toolchain Path:  D:\Keil\Core\ARM\ARMCC\Bin
C Compiler:      Armcc.exe V5.06 update 7 (build 960)
Assembler:       Armasm.exe V5.06 update 7 (build 960)
Linker/Locator:  ArmLink.exe V5.06 update 7 (build 960)
Library Manager: ArmAr.exe V5.06 update 7 (build 960)
Hex Converter:   FromElf.exe V5.06 update 7 (build 960)
CPU DLL:         SARMCM3.DLL V5.32.0.0
Dialog DLL:      DCM.DLL V1.17.3.0
Target DLL:      STLink\ST-LINKIII-KEIL_SWO.dll V3.0.8.0
Dialog DLL:      TCM.DLL V1.46.0.0
 
<h2>Project:</h2>
D:\Keil_v5\FreeRTOS\FreeRTOS_Project\MyCar\MDK-ARM\MyCar.uvprojx
Project File Date:  08/15/2025

<h2>Output:</h2>
*** Using Compiler 'V5.06 update 7 (build 960)', folder: 'D:\Keil\Core\ARM\ARMCC\Bin'
Build target 'MyCar'
compiling freertos.c...
../Core/Src/freertos.c(496): warning:  #223-D: function "sprintf" declared implicitly
     	sprintf((char *)Usart3String,"pitch:%.2f roll:%.2f yaw:%.2f\r\n",pitch,roll,yaw);//显示6050数据
../Core/Src/freertos.c(497): warning:  #223-D: function "strlen" declared implicitly
  		HAL_UART_Transmit(&huart3,( uint8_t *)Usart3String,strlen(( const  char  *)Usart3String),0xFFFF);//通过串口三输出字�? strlen:计算字符串大�?	
../Core/Src/freertos.c(500): warning:  #167-D: argument of type "uint8_t *" is incompatible with parameter of type "char *"
  		OLED_ShowString (1,1,OledString);
../Core/Src/freertos.c(503): warning:  #167-D: argument of type "uint8_t *" is incompatible with parameter of type "char *"
  		OLED_ShowString (2,1,OledString);
../Core/Src/freertos.c(509): warning:  #223-D: function "strcpy" declared implicitly
  				strcpy((char *)Usart3String,"mpu_dmp_get_data() Data for success\n");
../Core/Src/freertos.c(511): warning:  #223-D: function "printf" declared implicitly
  				printf("mpu_dmp_get_data() Data for success\n");//串口1 输出数据获取成功 注意�? 这个要写再串�?1初始化之�?		
../Core/Src/freertos.c(517): warning:  #223-D: function "strcpy" declared implicitly
  				strcpy((char *)Usart3String,"mpu_dmp_get_data() Data acquisition failure\n\n");
../Core/Src/freertos.c(520): warning:  #223-D: function "printf" declared implicitly
  				printf("mpu_dmp_get_data()  Data acquisition failure\n");//串口1 输出数据获取失败 注意�? 这个要写再串�?1初始化之�?	
../Core/Src/freertos.c(582): warning:  #223-D: function "sprintf" declared implicitly
  		sprintf((char *)OledString,"Mode:%d",readMode);//显示g_ucMode 当前模式
../Core/Src/freertos.c(586): warning:  #223-D: function "strlen" declared implicitly
  		HAL_UART_Transmit(&huart3,( uint8_t *)Usart3String,strlen(( const  char  *)Usart3String),50);//阻塞式发送通过串口三输出字�? strlen:计算字符串大�?
../Core/Src/freertos.c(602): warning:  #167-D: argument of type "uint8_t *" is incompatible with parameter of type "char *"
  		OLED_ShowString (3,1,OledString);
../Core/Src/freertos.c(605): warning:  #167-D: argument of type "uint8_t *" is incompatible with parameter of type "char *"
  		OLED_ShowString (4,1,OledString);
../Core/Src/freertos.c(630): warning:  #223-D: function "strcpy" declared implicitly
  				strcpy((char *)Usart3String,"mpu_dmp_get_data() Data for success\n");
../Core/Src/freertos.c(632): warning:  #223-D: function "printf" declared implicitly
  				printf("mpu_dmp_get_data() Data for success\n");//串口1 输出数据获取成功 注意�? 这个要写再串�?1初始化之�?		
../Core/Src/freertos.c(638): warning:  #223-D: function "strcpy" declared implicitly
  				strcpy((char *)Usart3String,"mpu_dmp_get_data() Data acquisition failure\n\n");
../Core/Src/freertos.c(641): warning:  #223-D: function "printf" declared implicitly
  				printf("mpu_dmp_get_data()  Data acquisition failure\n");//串口1 输出数据获取失败 注意�? 这个要写再串�?1初始化之�?	
../Core/Src/freertos.c(793): warning:  #223-D: function "printf" declared implicitly
  					printf("mpu_dmp_get_data() Data for success\n");//串口1 输出数据获取成功 注意�? 这个要写再串�?1初始化之�?		
../Core/Src/freertos.c(800): warning:  #223-D: function "printf" declared implicitly
  					printf("mpu_dmp_get_data()  Data acquisition failure\n");//串口1 输出数据获取失败 注意�? 这个要写再串�?1初始化之�?	
../Core/Src/freertos.c(804): warning:  #223-D: function "sprintf" declared implicitly
  			sprintf((char *)Usart3String,"pitch:%.2f roll:%.2f yaw:%.2f\n",pitch,roll,yaw);//显示6050数据 俯仰�? 横滚�? 航向�?
../Core/Src/freertos.c(805): warning:  #223-D: function "strlen" declared implicitly
  			HAL_UART_Transmit(&huart3,( uint8_t *)Usart3String,strlen(( const  char  *)Usart3String),0xFFFF);//通过串口三输出字�? strlen:计算字符串大�?	
../Core/Src/freertos.c: 20 warnings, 0 errors
linking...
Program Size: Code=41724 RO-data=5784 RW-data=280 ZI-data=9184  
FromELF: creating hex file...
"MyCar\MyCar.axf" - 0 Error(s), 20 Warning(s).

<h2>Software Packages used:</h2>

Package Vendor: ARM
                http://www.keil.com/pack/ARM.CMSIS.5.7.0.pack
                ARM.CMSIS.5.7.0
                CMSIS (Cortex Microcontroller Software Interface Standard)
   * Component: CORE Version: 5.4.0

Package Vendor: Keil
                https://www.keil.com/pack/Keil.STM32F1xx_DFP.2.4.1.pack
                Keil.STM32F1xx_DFP.2.4.1
                STMicroelectronics STM32F1 Series Device Support, Drivers and Examples

<h2>Collection of Component include folders:</h2>
  .\RTE\_MyCar
  D:\Keil\Pack\ARM\CMSIS\5.7.0\CMSIS\Core\Include
  D:\Keil\Pack\Keil\STM32F1xx_DFP\2.4.1\Device\Include

<h2>Collection of Component Files used:</h2>

   * Component: ARM::CMSIS:CORE:5.4.0
      Include file:  CMSIS\Core\Include\tz_context.h
Build Time Elapsed:  00:00:03
</pre>
</body>
</html>
